
> ticket-system-backend@1.0.0 test
> jest --detectOpenHandles --forceExit --runInBand

FAIL tests/subtickets.test.js
  ● Console

    console.log
      [Auth] Settings loaded. DevMode: true

      at Object.log (src/auth.js:16:9)

    console.log
      Loaded workflow: Abwesenheitsantrag

      at log (src/workflow.js:50:29)
          at Array.forEach (<anonymous>)

    console.log
      Loaded workflow: Außerunterrichtliche Veranstaltung

      at log (src/workflow.js:50:29)
          at Array.forEach (<anonymous>)

    console.log
      Loaded workflow: Bewirtungsauftrag

      at log (src/workflow.js:50:29)
          at Array.forEach (<anonymous>)

    console.log
      Loaded workflow: Hausmeisterauftrag

      at log (src/workflow.js:50:29)
          at Array.forEach (<anonymous>)

    console.log
      Loaded workflow: IT-Ticket

      at log (src/workflow.js:50:29)
          at Array.forEach (<anonymous>)

    console.log
      Loaded workflow: Krankmeldung

      at log (src/workflow.js:50:29)
          at Array.forEach (<anonymous>)

    console.log
      Loaded workflow: Raumreservierung

      at log (src/workflow.js:50:29)
          at Array.forEach (<anonymous>)

    console.log
      Loaded workflow: Stundenplan-Ticket

      at log (src/workflow.js:50:29)
          at Array.forEach (<anonymous>)

    console.log
      Loaded workflow: Vertretungsplan-Ticket

      at log (src/workflow.js:50:29)
          at Array.forEach (<anonymous>)

    console.log
      MongoDB connected

      at log (src/db.js:25:17)

    console.log
      Loading bots...

      at log (src/bots.js:11:13)

    console.log
      Loading bot script from /home/holger/jdevel/tix/config/abwesenheit.js

      at log (src/bots.js:25:29)
          at Array.forEach (<anonymous>)

    console.log
      Loaded bot: dringend for type Abwesenheitsantrag with script: dringend(ticket)

      at log (src/bots.js:84:41)
          at Array.forEach (<anonymous>)
          at Array.forEach (<anonymous>)

    console.log
      Loading bot script from /home/holger/jdevel/tix/config/außerunterrichtliche_veranstaltung.js

      at log (src/bots.js:25:29)
          at Array.forEach (<anonymous>)

    console.log
      Loaded bot: dringend for type Außerunterrichtliche Veranstaltung with script: dringend(ticket)

      at log (src/bots.js:84:41)
          at Array.forEach (<anonymous>)
          at Array.forEach (<anonymous>)

    console.log
      Loading bot script from /home/holger/jdevel/tix/config/bewirtung.js

      at log (src/bots.js:25:29)
          at Array.forEach (<anonymous>)

    console.log
      Loaded bot: automatisch_genehmigen for type Bewirtungsauftrag with script: automatisch_genehmigen(ticket)

      at log (src/bots.js:84:41)
          at Array.forEach (<anonymous>)
          at Array.forEach (<anonymous>)

    console.log
      Loading bot script from /home/holger/jdevel/tix/config/hausmeister.js

      at log (src/bots.js:25:29)
          at Array.forEach (<anonymous>)

    console.log
      Loaded bot: automatisch_genehmigen for type Hausmeisterauftrag with script: automatisch_genehmigen(ticket)

      at log (src/bots.js:84:41)
          at Array.forEach (<anonymous>)
          at Array.forEach (<anonymous>)

    console.log
      Loading bot script from /home/holger/jdevel/tix/config/it.js

      at log (src/bots.js:25:29)
          at Array.forEach (<anonymous>)

    console.log
      Loaded bot: dringend for type IT-Ticket with script: dringend(ticket)

      at log (src/bots.js:84:41)
          at Array.forEach (<anonymous>)
          at Array.forEach (<anonymous>)

    console.log
      Loaded bot: raumbelegung for type IT-Ticket with script: raum(ticket)

      at log (src/bots.js:84:41)
          at Array.forEach (<anonymous>)
          at Array.forEach (<anonymous>)

    console.log
      Loading bot script from /home/holger/jdevel/tix/config/krankmeldung.js

      at log (src/bots.js:25:29)
          at Array.forEach (<anonymous>)

    console.log
      Loaded bot: dringend for type Krankmeldung with script: dringend(ticket)

      at log (src/bots.js:84:41)
          at Array.forEach (<anonymous>)
          at Array.forEach (<anonymous>)

    console.log
      Loading bot script from /home/holger/jdevel/tix/config/raumreservierung.js

      at log (src/bots.js:25:29)
          at Array.forEach (<anonymous>)

    console.log
      Loaded bot: eintragen for type Raumreservierung with script: eintragen(ticket)

      at log (src/bots.js:84:41)
          at Array.forEach (<anonymous>)
          at Array.forEach (<anonymous>)

    console.log
      Loaded bot: verschieben for type Raumreservierung with script: verschieben(ticket)

      at log (src/bots.js:84:41)
          at Array.forEach (<anonymous>)
          at Array.forEach (<anonymous>)

    console.log
      Loaded bot: stornieren for type Raumreservierung with script: stornieren(ticket)

      at log (src/bots.js:84:41)
          at Array.forEach (<anonymous>)
          at Array.forEach (<anonymous>)

    console.log
      Loaded bot: abschliessen for type Raumreservierung with script: abschliessen(ticket)

      at log (src/bots.js:84:41)
          at Array.forEach (<anonymous>)
          at Array.forEach (<anonymous>)

    console.log
      Loading bot script from /home/holger/jdevel/tix/config/stundenplan.js

      at log (src/bots.js:25:29)
          at Array.forEach (<anonymous>)

    console.log
      Loaded bot: dringend for type Stundenplan-Ticket with script: dringend(ticket)

      at log (src/bots.js:84:41)
          at Array.forEach (<anonymous>)
          at Array.forEach (<anonymous>)

    console.log
      Loading bot script from /home/holger/jdevel/tix/config/vertretungsplan.js

      at log (src/bots.js:25:29)
          at Array.forEach (<anonymous>)

    console.log
      Loaded bot: dringend for type Vertretungsplan-Ticket with script: dringend(ticket)

      at log (src/bots.js:84:41)
          at Array.forEach (<anonymous>)
          at Array.forEach (<anonymous>)

  ● Subtickets Integration › should create a subticket and log status changes to parent

    expect(received).toBe(expected) // Object.is equality

    Expected: 201
    Received: 400

      52 |                 description: 'Parent'
      53 |             });
    > 54 |         expect(parentRes.status).toBe(201);
         |                                  ^
      55 |         const parentId = parentRes.body.id;
      56 |
      57 |         // 2. Create Subticket

      at Object.toBe (tests/subtickets.test.js:54:34)

  ● Subtickets Integration › should aggregate subtickets in list view

    TypeError: Cannot read properties of undefined (reading 'subTickets')

      127 |         
      128 |         expect(getRes.status).toBe(200);
    > 129 |         expect(getRes.body[0].subTickets).toBeDefined();
          |                               ^
      130 |         expect(getRes.body[0].subTickets.length).toBe(1);
      131 |         expect(getRes.body[0].subTickets[0].title).toBe('Sub 2');
      132 |

      at Object.subTickets (tests/subtickets.test.js:129:31)

PASS tests/workflows/abwesenheit.test.js
  ● Console

    console.log
      [Auth] Settings loaded. DevMode: true

      at Object.log (src/auth.js:16:9)

    console.log
      Loaded workflow: Abwesenheitsantrag

      at log (src/workflow.js:50:29)
          at Array.forEach (<anonymous>)

    console.log
      Loaded workflow: Außerunterrichtliche Veranstaltung

      at log (src/workflow.js:50:29)
          at Array.forEach (<anonymous>)

    console.log
      Loaded workflow: Bewirtungsauftrag

      at log (src/workflow.js:50:29)
          at Array.forEach (<anonymous>)

    console.log
      Loaded workflow: Hausmeisterauftrag

      at log (src/workflow.js:50:29)
          at Array.forEach (<anonymous>)

    console.log
      Loaded workflow: IT-Ticket

      at log (src/workflow.js:50:29)
          at Array.forEach (<anonymous>)

    console.log
      Loaded workflow: Krankmeldung

      at log (src/workflow.js:50:29)
          at Array.forEach (<anonymous>)

    console.log
      Loaded workflow: Raumreservierung

      at log (src/workflow.js:50:29)
          at Array.forEach (<anonymous>)

    console.log
      Loaded workflow: Stundenplan-Ticket

      at log (src/workflow.js:50:29)
          at Array.forEach (<anonymous>)

    console.log
      Loaded workflow: Vertretungsplan-Ticket

      at log (src/workflow.js:50:29)
          at Array.forEach (<anonymous>)

    console.log
      MongoDB connected

      at log (src/db.js:25:17)

    console.log
      Loading bots...

      at log (src/bots.js:11:13)

    console.log
      Loading bot script from /home/holger/jdevel/tix/config/abwesenheit.js

      at log (src/bots.js:25:29)
          at Array.forEach (<anonymous>)

    console.log
      Loaded bot: dringend for type Abwesenheitsantrag with script: dringend(ticket)

      at log (src/bots.js:84:41)
          at Array.forEach (<anonymous>)
          at Array.forEach (<anonymous>)

    console.log
      Loading bot script from /home/holger/jdevel/tix/config/außerunterrichtliche_veranstaltung.js

      at log (src/bots.js:25:29)
          at Array.forEach (<anonymous>)

    console.log
      Loaded bot: dringend for type Außerunterrichtliche Veranstaltung with script: dringend(ticket)

      at log (src/bots.js:84:41)
          at Array.forEach (<anonymous>)
          at Array.forEach (<anonymous>)

    console.log
      Loading bot script from /home/holger/jdevel/tix/config/bewirtung.js

      at log (src/bots.js:25:29)
          at Array.forEach (<anonymous>)

    console.log
      Loaded bot: automatisch_genehmigen for type Bewirtungsauftrag with script: automatisch_genehmigen(ticket)

      at log (src/bots.js:84:41)
          at Array.forEach (<anonymous>)
          at Array.forEach (<anonymous>)

    console.log
      Loading bot script from /home/holger/jdevel/tix/config/hausmeister.js

      at log (src/bots.js:25:29)
          at Array.forEach (<anonymous>)

    console.log
      Loaded bot: automatisch_genehmigen for type Hausmeisterauftrag with script: automatisch_genehmigen(ticket)

      at log (src/bots.js:84:41)
          at Array.forEach (<anonymous>)
          at Array.forEach (<anonymous>)

    console.log
      Loading bot script from /home/holger/jdevel/tix/config/it.js

      at log (src/bots.js:25:29)
          at Array.forEach (<anonymous>)

    console.log
      Loaded bot: dringend for type IT-Ticket with script: dringend(ticket)

      at log (src/bots.js:84:41)
          at Array.forEach (<anonymous>)
          at Array.forEach (<anonymous>)

    console.log
      Loaded bot: raumbelegung for type IT-Ticket with script: raum(ticket)

      at log (src/bots.js:84:41)
          at Array.forEach (<anonymous>)
          at Array.forEach (<anonymous>)

    console.log
      Loading bot script from /home/holger/jdevel/tix/config/krankmeldung.js

      at log (src/bots.js:25:29)
          at Array.forEach (<anonymous>)

    console.log
      Loaded bot: dringend for type Krankmeldung with script: dringend(ticket)

      at log (src/bots.js:84:41)
          at Array.forEach (<anonymous>)
          at Array.forEach (<anonymous>)

    console.log
      Loading bot script from /home/holger/jdevel/tix/config/raumreservierung.js

      at log (src/bots.js:25:29)
          at Array.forEach (<anonymous>)

    console.log
      Loaded bot: eintragen for type Raumreservierung with script: eintragen(ticket)

      at log (src/bots.js:84:41)
          at Array.forEach (<anonymous>)
          at Array.forEach (<anonymous>)

    console.log
      Loaded bot: verschieben for type Raumreservierung with script: verschieben(ticket)

      at log (src/bots.js:84:41)
          at Array.forEach (<anonymous>)
          at Array.forEach (<anonymous>)

    console.log
      Loaded bot: stornieren for type Raumreservierung with script: stornieren(ticket)

      at log (src/bots.js:84:41)
          at Array.forEach (<anonymous>)
          at Array.forEach (<anonymous>)

    console.log
      Loaded bot: abschliessen for type Raumreservierung with script: abschliessen(ticket)

      at log (src/bots.js:84:41)
          at Array.forEach (<anonymous>)
          at Array.forEach (<anonymous>)

    console.log
      Loading bot script from /home/holger/jdevel/tix/config/stundenplan.js

      at log (src/bots.js:25:29)
          at Array.forEach (<anonymous>)

    console.log
      Loaded bot: dringend for type Stundenplan-Ticket with script: dringend(ticket)

      at log (src/bots.js:84:41)
          at Array.forEach (<anonymous>)
          at Array.forEach (<anonymous>)

    console.log
      Loading bot script from /home/holger/jdevel/tix/config/vertretungsplan.js

      at log (src/bots.js:25:29)
          at Array.forEach (<anonymous>)

    console.log
      Loaded bot: dringend for type Vertretungsplan-Ticket with script: dringend(ticket)

      at log (src/bots.js:84:41)
          at Array.forEach (<anonymous>)
          at Array.forEach (<anonymous>)

    console.log
      [Auth] No LDAP mapping/DevMode. Settings updated for lehrer1: { notificationUri: 'test:lehrer1@local' }

      at log (src/auth.js:515:17)

    console.log
      [Auth] No LDAP mapping/DevMode. Settings updated for schulleiter: { notificationUri: 'test:schulleiter@local' }

      at log (src/auth.js:515:17)

    console.log
      [Auth] No LDAP mapping/DevMode. Settings updated for stundenplaner: { notificationUri: 'test:stundenplaner@local' }

      at log (src/auth.js:515:17)

    console.log
      Bot dringend (insync) processing ticket ABW-1

      at log (src/bots.js:139:21)

    console.log
      Ticket ABW-1 updated by sync bot dringend

      at log (src/bots.js:144:25)

    console.log
      Bot dringend (insync) processing ticket ABW-2

      at log (src/bots.js:139:21)

    console.log
      Bot dringend (insync) processing ticket ABW-3

      at log (src/bots.js:139:21)

    console.log
      [SubscriptionWorker] Starting periodic check...

      at log (src/subscriptionWorker.js:65:13)

    console.log
      [SubscriptionWorker] Query for stundenplaner / Persönlich Zugewiesene: {"assignee":"stundenplaner"}

      at log (src/subscriptionWorker.js:127:21)

    console.log
      [SubscriptionWorker] Query for schulleiter / Mir Zugewiesen: {"$or":[{"type":"Abwesenheitsantrag","state":{"$in":["offen.neu"]}},{"type":"Bewirtungsauftrag","state":{"$in":["offen.neu"]}},{"type":"Hausmeisterauftrag","state":{"$in":["offen.neu"]}},{"type":"IT-Ticket","state":{"$in":["offen.neu","offen.inArbeit"]}},{"type":"Stundenplan-Ticket","state":{"$in":["offen.neu","offen.inArbeit"]}},{"type":"Vertretungsplan-Ticket","state":{"$in":["offen.neu","offen.inArbeit"]}}]}

      at log (src/subscriptionWorker.js:127:21)

    console.log
      [SubscriptionWorker] Changes detected for subscription 'Mir Zugewiesen' (User: schulleiter)

      at log (src/subscriptionWorker.js:135:25)

    console.log
      [SubscriptionWorker] Test notification stored for schulleiter

      at log (src/subscriptionWorker.js:152:37)

    console.log
      [SubscriptionWorker] Query for lehrer1 / Meine Tickets: {"creator":{"$regex":"lehrer1","$options":"i"}}

      at log (src/subscriptionWorker.js:127:21)

    console.log
      [SubscriptionWorker] Changes detected for subscription 'Meine Tickets' (User: lehrer1)

      at log (src/subscriptionWorker.js:135:25)

    console.log
      [SubscriptionWorker] Test notification stored for lehrer1

      at log (src/subscriptionWorker.js:152:37)

    console.log
      [SubscriptionWorker] Query for stundenplaner / Mir Zugewiesen: {"$or":[{"type":"Abwesenheitsantrag","state":{"$in":["offen.genehmigt","offen.inArbeit"]}},{"type":"Außerunterrichtliche Veranstaltung","state":{"$in":["offen.genehmigt","offen.inArbeit"]}},{"type":"IT-Ticket","state":{"$in":["offen.neu","offen.inArbeit"]},"assignee":"stundenplaner"},{"type":"Krankmeldung","state":{"$in":["offen.neu","offen.inArbeit"]}},{"type":"Stundenplan-Ticket","state":{"$in":["offen.neu","offen.inArbeit"]}},{"type":"Vertretungsplan-Ticket","state":{"$in":["offen.neu","offen.inArbeit"]}}]}

      at log (src/subscriptionWorker.js:127:21)

    console.log
      [SubscriptionWorker] Check completed. Waiting for next cycle.

      at log (src/subscriptionWorker.js:208:13)

    console.log
      [Publisher] Checking 1 unpublished logs...

      at log (src/publisher.js:97:21)

    console.log
      [Publisher] Skipping notification: editor lehrer1 is the creator

      at log (src/publisher.js:125:33)

    console.log
      [SubscriptionWorker] Starting periodic check...

      at log (src/subscriptionWorker.js:65:13)

    console.log
      [SubscriptionWorker] Query for stundenplaner / Persönlich Zugewiesene: {"assignee":"stundenplaner"}

      at log (src/subscriptionWorker.js:127:21)

    console.log
      [SubscriptionWorker] Query for schulleiter / Mir Zugewiesen: {"$or":[{"type":"Abwesenheitsantrag","state":{"$in":["offen.neu"]}},{"type":"Bewirtungsauftrag","state":{"$in":["offen.neu"]}},{"type":"Hausmeisterauftrag","state":{"$in":["offen.neu"]}},{"type":"IT-Ticket","state":{"$in":["offen.neu","offen.inArbeit"]}},{"type":"Stundenplan-Ticket","state":{"$in":["offen.neu","offen.inArbeit"]}},{"type":"Vertretungsplan-Ticket","state":{"$in":["offen.neu","offen.inArbeit"]}}]}

      at log (src/subscriptionWorker.js:127:21)

    console.log
      [SubscriptionWorker] Changes detected for subscription 'Mir Zugewiesen' (User: schulleiter)

      at log (src/subscriptionWorker.js:135:25)

    console.log
      [SubscriptionWorker] Test notification stored for schulleiter

      at log (src/subscriptionWorker.js:152:37)

    console.log
      [SubscriptionWorker] Query for lehrer1 / Meine Tickets: {"creator":{"$regex":"lehrer1","$options":"i"}}

      at log (src/subscriptionWorker.js:127:21)

    console.log
      [SubscriptionWorker] Changes detected for subscription 'Meine Tickets' (User: lehrer1)

      at log (src/subscriptionWorker.js:135:25)

    console.log
      [SubscriptionWorker] Test notification stored for lehrer1

      at log (src/subscriptionWorker.js:152:37)

    console.log
      [SubscriptionWorker] Query for stundenplaner / Mir Zugewiesen: {"$or":[{"type":"Abwesenheitsantrag","state":{"$in":["offen.genehmigt","offen.inArbeit"]}},{"type":"Außerunterrichtliche Veranstaltung","state":{"$in":["offen.genehmigt","offen.inArbeit"]}},{"type":"IT-Ticket","state":{"$in":["offen.neu","offen.inArbeit"]},"assignee":"stundenplaner"},{"type":"Krankmeldung","state":{"$in":["offen.neu","offen.inArbeit"]}},{"type":"Stundenplan-Ticket","state":{"$in":["offen.neu","offen.inArbeit"]}},{"type":"Vertretungsplan-Ticket","state":{"$in":["offen.neu","offen.inArbeit"]}}]}

      at log (src/subscriptionWorker.js:127:21)

    console.log
      [SubscriptionWorker] Check completed. Waiting for next cycle.

      at log (src/subscriptionWorker.js:208:13)

    console.log
      Bot dringend (insync) processing ticket ABW-1

      at log (src/bots.js:139:21)

    console.log
      [Publisher] Checking 2 unpublished logs...

      at log (src/publisher.js:97:21)

    console.log
      [Publisher] Test notification stored for lehrer1

      at log (src/publisher.js:155:37)

    console.log
      [Publisher] Test notification stored for lehrer1

      at log (src/publisher.js:155:37)

    console.log
      [SubscriptionWorker] Starting periodic check...

      at log (src/subscriptionWorker.js:65:13)

    console.log
      [SubscriptionWorker] Query for stundenplaner / Persönlich Zugewiesene: {"assignee":"stundenplaner"}

      at log (src/subscriptionWorker.js:127:21)

    console.log
      [SubscriptionWorker] Query for schulleiter / Mir Zugewiesen: {"$or":[{"type":"Abwesenheitsantrag","state":{"$in":["offen.neu"]}},{"type":"Bewirtungsauftrag","state":{"$in":["offen.neu"]}},{"type":"Hausmeisterauftrag","state":{"$in":["offen.neu"]}},{"type":"IT-Ticket","state":{"$in":["offen.neu","offen.inArbeit"]}},{"type":"Stundenplan-Ticket","state":{"$in":["offen.neu","offen.inArbeit"]}},{"type":"Vertretungsplan-Ticket","state":{"$in":["offen.neu","offen.inArbeit"]}}]}

      at log (src/subscriptionWorker.js:127:21)

    console.log
      [SubscriptionWorker] Changes detected for subscription 'Mir Zugewiesen' (User: schulleiter)

      at log (src/subscriptionWorker.js:135:25)

    console.log
      [SubscriptionWorker] Test notification stored for schulleiter

      at log (src/subscriptionWorker.js:152:37)

    console.log
      [SubscriptionWorker] Query for lehrer1 / Meine Tickets: {"creator":{"$regex":"lehrer1","$options":"i"}}

      at log (src/subscriptionWorker.js:127:21)

    console.log
      [SubscriptionWorker] Changes detected for subscription 'Meine Tickets' (User: lehrer1)

      at log (src/subscriptionWorker.js:135:25)

    console.log
      [SubscriptionWorker] Test notification stored for lehrer1

      at log (src/subscriptionWorker.js:152:37)

    console.log
      [SubscriptionWorker] Query for stundenplaner / Mir Zugewiesen: {"$or":[{"type":"Abwesenheitsantrag","state":{"$in":["offen.genehmigt","offen.inArbeit"]}},{"type":"Außerunterrichtliche Veranstaltung","state":{"$in":["offen.genehmigt","offen.inArbeit"]}},{"type":"IT-Ticket","state":{"$in":["offen.neu","offen.inArbeit"]},"assignee":"stundenplaner"},{"type":"Krankmeldung","state":{"$in":["offen.neu","offen.inArbeit"]}},{"type":"Stundenplan-Ticket","state":{"$in":["offen.neu","offen.inArbeit"]}},{"type":"Vertretungsplan-Ticket","state":{"$in":["offen.neu","offen.inArbeit"]}}]}

      at log (src/subscriptionWorker.js:127:21)

    console.log
      [SubscriptionWorker] Changes detected for subscription 'Mir Zugewiesen' (User: stundenplaner)

      at log (src/subscriptionWorker.js:135:25)

    console.log
      [SubscriptionWorker] Test notification stored for stundenplaner

      at log (src/subscriptionWorker.js:152:37)

    console.log
      [SubscriptionWorker] Check completed. Waiting for next cycle.

      at log (src/subscriptionWorker.js:208:13)

    console.log
      Bot dringend (insync) processing ticket ABW-1

      at log (src/bots.js:139:21)

    console.log
      [Publisher] Checking 2 unpublished logs...

      at log (src/publisher.js:97:21)

    console.log
      [Publisher] Test notification stored for lehrer1

      at log (src/publisher.js:155:37)

    console.log
      [Publisher] Test notification stored for lehrer1

      at log (src/publisher.js:155:37)

    console.log
      Bot dringend (insync) processing ticket ABW-1

      at log (src/bots.js:139:21)


  ●  Cannot log after tests are done. Did you forget to wait for something async in your test?
    Attempted to log "[WebUntis] Server time: 2026-03-21T17:27:27.000Z | Local time: 2026-03-21T17:27:27.989Z".

      at console.log (node_modules/@jest/console/build/index.js:147:10)
      at time (evalmachine.<anonymous>:172:13)
      at dologin (evalmachine.<anonymous>:187:22)
      at fetchblocks (evalmachine.<anonymous>:106:19)
      at raum (evalmachine.<anonymous>:85:22)
      at Object.runFn [as run] (src/bots.js:69:45)
      at src/bots.js:160:17

PASS tests/routes.test.js
  ● Console

    console.log
      [Auth] Settings loaded. DevMode: true

      at Object.log (src/auth.js:16:9)

    console.log
      Loaded workflow: Abwesenheitsantrag

      at log (src/workflow.js:50:29)
          at Array.forEach (<anonymous>)

    console.log
      Loaded workflow: Außerunterrichtliche Veranstaltung

      at log (src/workflow.js:50:29)
          at Array.forEach (<anonymous>)

    console.log
      Loaded workflow: Bewirtungsauftrag

      at log (src/workflow.js:50:29)
          at Array.forEach (<anonymous>)

    console.log
      Loaded workflow: Hausmeisterauftrag

      at log (src/workflow.js:50:29)
          at Array.forEach (<anonymous>)

    console.log
      Loaded workflow: IT-Ticket

      at log (src/workflow.js:50:29)
          at Array.forEach (<anonymous>)

    console.log
      Loaded workflow: Krankmeldung

      at log (src/workflow.js:50:29)
          at Array.forEach (<anonymous>)

    console.log
      Loaded workflow: Raumreservierung

      at log (src/workflow.js:50:29)
          at Array.forEach (<anonymous>)

    console.log
      Loaded workflow: Stundenplan-Ticket

      at log (src/workflow.js:50:29)
          at Array.forEach (<anonymous>)

    console.log
      Loaded workflow: Vertretungsplan-Ticket

      at log (src/workflow.js:50:29)
          at Array.forEach (<anonymous>)

    console.log
      MongoDB connected

      at log (src/db.js:25:17)

    console.log
      Loading bots...

      at log (src/bots.js:11:13)

    console.log
      Loading bot script from /home/holger/jdevel/tix/config/abwesenheit.js

      at log (src/bots.js:25:29)
          at Array.forEach (<anonymous>)

    console.log
      Loaded bot: dringend for type Abwesenheitsantrag with script: dringend(ticket)

      at log (src/bots.js:84:41)
          at Array.forEach (<anonymous>)
          at Array.forEach (<anonymous>)

    console.log
      Loading bot script from /home/holger/jdevel/tix/config/außerunterrichtliche_veranstaltung.js

      at log (src/bots.js:25:29)
          at Array.forEach (<anonymous>)

    console.log
      Loaded bot: dringend for type Außerunterrichtliche Veranstaltung with script: dringend(ticket)

      at log (src/bots.js:84:41)
          at Array.forEach (<anonymous>)
          at Array.forEach (<anonymous>)

    console.log
      Loading bot script from /home/holger/jdevel/tix/config/bewirtung.js

      at log (src/bots.js:25:29)
          at Array.forEach (<anonymous>)

    console.log
      Loaded bot: automatisch_genehmigen for type Bewirtungsauftrag with script: automatisch_genehmigen(ticket)

      at log (src/bots.js:84:41)
          at Array.forEach (<anonymous>)
          at Array.forEach (<anonymous>)

    console.log
      Loading bot script from /home/holger/jdevel/tix/config/hausmeister.js

      at log (src/bots.js:25:29)
          at Array.forEach (<anonymous>)

    console.log
      Loaded bot: automatisch_genehmigen for type Hausmeisterauftrag with script: automatisch_genehmigen(ticket)

      at log (src/bots.js:84:41)
          at Array.forEach (<anonymous>)
          at Array.forEach (<anonymous>)

    console.log
      Loading bot script from /home/holger/jdevel/tix/config/it.js

      at log (src/bots.js:25:29)
          at Array.forEach (<anonymous>)

    console.log
      Loaded bot: dringend for type IT-Ticket with script: dringend(ticket)

      at log (src/bots.js:84:41)
          at Array.forEach (<anonymous>)
          at Array.forEach (<anonymous>)

    console.log
      Loaded bot: raumbelegung for type IT-Ticket with script: raum(ticket)

      at log (src/bots.js:84:41)
          at Array.forEach (<anonymous>)
          at Array.forEach (<anonymous>)

    console.log
      Loading bot script from /home/holger/jdevel/tix/config/krankmeldung.js

      at log (src/bots.js:25:29)
          at Array.forEach (<anonymous>)

    console.log
      Loaded bot: dringend for type Krankmeldung with script: dringend(ticket)

      at log (src/bots.js:84:41)
          at Array.forEach (<anonymous>)
          at Array.forEach (<anonymous>)

    console.log
      Loading bot script from /home/holger/jdevel/tix/config/raumreservierung.js

      at log (src/bots.js:25:29)
          at Array.forEach (<anonymous>)

    console.log
      Loaded bot: eintragen for type Raumreservierung with script: eintragen(ticket)

      at log (src/bots.js:84:41)
          at Array.forEach (<anonymous>)
          at Array.forEach (<anonymous>)

    console.log
      Loaded bot: verschieben for type Raumreservierung with script: verschieben(ticket)

      at log (src/bots.js:84:41)
          at Array.forEach (<anonymous>)
          at Array.forEach (<anonymous>)

    console.log
      Loaded bot: stornieren for type Raumreservierung with script: stornieren(ticket)

      at log (src/bots.js:84:41)
          at Array.forEach (<anonymous>)
          at Array.forEach (<anonymous>)

    console.log
      Loaded bot: abschliessen for type Raumreservierung with script: abschliessen(ticket)

      at log (src/bots.js:84:41)
          at Array.forEach (<anonymous>)
          at Array.forEach (<anonymous>)

    console.log
      Loading bot script from /home/holger/jdevel/tix/config/stundenplan.js

      at log (src/bots.js:25:29)
          at Array.forEach (<anonymous>)

    console.log
      Loaded bot: dringend for type Stundenplan-Ticket with script: dringend(ticket)

      at log (src/bots.js:84:41)
          at Array.forEach (<anonymous>)
          at Array.forEach (<anonymous>)

    console.log
      Loading bot script from /home/holger/jdevel/tix/config/vertretungsplan.js

      at log (src/bots.js:25:29)
          at Array.forEach (<anonymous>)

    console.log
      Loaded bot: dringend for type Vertretungsplan-Ticket with script: dringend(ticket)

      at log (src/bots.js:84:41)
          at Array.forEach (<anonymous>)
          at Array.forEach (<anonymous>)

    console.log
      [Auth] No LDAP mapping/DevMode. Settings updated for admin: { dummySetting: true }

      at log (src/auth.js:515:17)

    console.log
      Bot dringend (insync) processing ticket ITT-1

      at log (src/bots.js:139:21)

    console.log
      Bot raumbelegung (async) processing ticket ITT-1

      at log (src/bots.js:159:25)

    console.log
      Bot dringend (insync) processing ticket ITT-1

      at log (src/bots.js:139:21)

    console.log
      Bot raumbelegung (async) processing ticket ITT-1

      at log (src/bots.js:159:25)

    console.log
      Bot dringend (insync) processing ticket ITT-1

      at log (src/bots.js:139:21)

    console.log
      Bot raumbelegung (async) processing ticket ITT-1

      at log (src/bots.js:159:25)

    console.log
      token: JlAEodmo3B3dvlsc4NaMyW2eBq6oXqlKX1lDdUAz1qz55xQhRWEyx-6e5S7w32991_u4_V76K5eYaJxnPG91ESQG4Jic1iAQ

      at fetchtoken (evalmachine.<anonymous>:237:11)


  ●  Cannot log after tests are done. Did you forget to wait for something async in your test?
    Attempted to log "token: 4LE2mzBhdbtcgjoCQiBO_rq5yWpvP-xgWfXEsF4pOM2hyQ0A0ohUqQhZRIxxtgtndQ16zYKB5AsJB4pNYM39hG4RXf6W8T5m".

      at console.log (node_modules/@jest/console/build/index.js:147:10)
      at fetchtoken (evalmachine.<anonymous>:237:11)
      at fetchblocks (evalmachine.<anonymous>:103:19)
      at raum (evalmachine.<anonymous>:85:22)
      at Object.runFn [as run] (src/bots.js:69:45)
      at src/bots.js:160:17


  ●  Cannot log after tests are done. Did you forget to wait for something async in your test?
    Attempted to log "token: DlrOzpnPV4ooqR4Z1_21RlIxpQzvKxt3D8EUQ7N2C6rTPsjKN2Oq_63-ZrkFn3x_ttCBIDRUiDXWH3habvVweosUapjmCfD8".

      at console.log (node_modules/@jest/console/build/index.js:147:10)
      at fetchtoken (evalmachine.<anonymous>:237:11)
      at fetchblocks (evalmachine.<anonymous>:103:19)
      at raum (evalmachine.<anonymous>:85:22)
      at Object.runFn [as run] (src/bots.js:69:45)
      at src/bots.js:160:17


  ●  Cannot log after tests are done. Did you forget to wait for something async in your test?
    Attempted to log "[WebUntis] Server time: 2026-03-21T17:27:28.000Z | Local time: 2026-03-21T17:27:28.707Z".

      at console.log (node_modules/@jest/console/build/index.js:147:10)
      at time (evalmachine.<anonymous>:172:13)
      at dologin (evalmachine.<anonymous>:187:22)
      at fetchblocks (evalmachine.<anonymous>:106:19)
      at raum (evalmachine.<anonymous>:85:22)
      at Object.runFn [as run] (src/bots.js:69:45)
      at src/bots.js:160:17


  ●  Cannot log after tests are done. Did you forget to wait for something async in your test?
    Attempted to log "[WebUntis] Server time: 2026-03-21T17:27:28.000Z | Local time: 2026-03-21T17:27:28.716Z".

      at console.log (node_modules/@jest/console/build/index.js:147:10)
      at time (evalmachine.<anonymous>:172:13)
      at dologin (evalmachine.<anonymous>:187:22)
      at fetchblocks (evalmachine.<anonymous>:106:19)
      at raum (evalmachine.<anonymous>:85:22)
      at Object.runFn [as run] (src/bots.js:69:45)
      at src/bots.js:160:17

PASS tests/workflows/raumreservierung.test.js
  ● Console

    console.log
      [Auth] Settings loaded. DevMode: true

      at Object.log (src/auth.js:16:9)

    console.log
      Loaded workflow: Abwesenheitsantrag

      at log (src/workflow.js:50:29)
          at Array.forEach (<anonymous>)

    console.log
      Loaded workflow: Außerunterrichtliche Veranstaltung

      at log (src/workflow.js:50:29)
          at Array.forEach (<anonymous>)

    console.log
      Loaded workflow: Bewirtungsauftrag

      at log (src/workflow.js:50:29)
          at Array.forEach (<anonymous>)

    console.log
      Loaded workflow: Hausmeisterauftrag

      at log (src/workflow.js:50:29)
          at Array.forEach (<anonymous>)

    console.log
      Loaded workflow: IT-Ticket

      at log (src/workflow.js:50:29)
          at Array.forEach (<anonymous>)

    console.log
      Loaded workflow: Krankmeldung

      at log (src/workflow.js:50:29)
          at Array.forEach (<anonymous>)

    console.log
      Loaded workflow: Raumreservierung

      at log (src/workflow.js:50:29)
          at Array.forEach (<anonymous>)

    console.log
      Loaded workflow: Stundenplan-Ticket

      at log (src/workflow.js:50:29)
          at Array.forEach (<anonymous>)

    console.log
      Loaded workflow: Vertretungsplan-Ticket

      at log (src/workflow.js:50:29)
          at Array.forEach (<anonymous>)

    console.log
      MongoDB connected

      at log (src/db.js:25:17)

    console.log
      Loading bots...

      at log (src/bots.js:11:13)

    console.log
      Loading bot script from /home/holger/jdevel/tix/config/abwesenheit.js

      at log (src/bots.js:25:29)
          at Array.forEach (<anonymous>)

    console.log
      Loaded bot: dringend for type Abwesenheitsantrag with script: dringend(ticket)

      at log (src/bots.js:84:41)
          at Array.forEach (<anonymous>)
          at Array.forEach (<anonymous>)

    console.log
      Loading bot script from /home/holger/jdevel/tix/config/außerunterrichtliche_veranstaltung.js

      at log (src/bots.js:25:29)
          at Array.forEach (<anonymous>)

    console.log
      Loaded bot: dringend for type Außerunterrichtliche Veranstaltung with script: dringend(ticket)

      at log (src/bots.js:84:41)
          at Array.forEach (<anonymous>)
          at Array.forEach (<anonymous>)

    console.log
      Loading bot script from /home/holger/jdevel/tix/config/bewirtung.js

      at log (src/bots.js:25:29)
          at Array.forEach (<anonymous>)

    console.log
      Loaded bot: automatisch_genehmigen for type Bewirtungsauftrag with script: automatisch_genehmigen(ticket)

      at log (src/bots.js:84:41)
          at Array.forEach (<anonymous>)
          at Array.forEach (<anonymous>)

    console.log
      Loading bot script from /home/holger/jdevel/tix/config/hausmeister.js

      at log (src/bots.js:25:29)
          at Array.forEach (<anonymous>)

    console.log
      Loaded bot: automatisch_genehmigen for type Hausmeisterauftrag with script: automatisch_genehmigen(ticket)

      at log (src/bots.js:84:41)
          at Array.forEach (<anonymous>)
          at Array.forEach (<anonymous>)

    console.log
      Loading bot script from /home/holger/jdevel/tix/config/it.js

      at log (src/bots.js:25:29)
          at Array.forEach (<anonymous>)

    console.log
      Loaded bot: dringend for type IT-Ticket with script: dringend(ticket)

      at log (src/bots.js:84:41)
          at Array.forEach (<anonymous>)
          at Array.forEach (<anonymous>)

    console.log
      Loaded bot: raumbelegung for type IT-Ticket with script: raum(ticket)

      at log (src/bots.js:84:41)
          at Array.forEach (<anonymous>)
          at Array.forEach (<anonymous>)

    console.log
      Loading bot script from /home/holger/jdevel/tix/config/krankmeldung.js

      at log (src/bots.js:25:29)
          at Array.forEach (<anonymous>)

    console.log
      Loaded bot: dringend for type Krankmeldung with script: dringend(ticket)

      at log (src/bots.js:84:41)
          at Array.forEach (<anonymous>)
          at Array.forEach (<anonymous>)

    console.log
      Loading bot script from /home/holger/jdevel/tix/config/raumreservierung.js

      at log (src/bots.js:25:29)
          at Array.forEach (<anonymous>)

    console.log
      Loaded bot: eintragen for type Raumreservierung with script: eintragen(ticket)

      at log (src/bots.js:84:41)
          at Array.forEach (<anonymous>)
          at Array.forEach (<anonymous>)

    console.log
      Loaded bot: verschieben for type Raumreservierung with script: verschieben(ticket)

      at log (src/bots.js:84:41)
          at Array.forEach (<anonymous>)
          at Array.forEach (<anonymous>)

    console.log
      Loaded bot: stornieren for type Raumreservierung with script: stornieren(ticket)

      at log (src/bots.js:84:41)
          at Array.forEach (<anonymous>)
          at Array.forEach (<anonymous>)

    console.log
      Loaded bot: abschliessen for type Raumreservierung with script: abschliessen(ticket)

      at log (src/bots.js:84:41)
          at Array.forEach (<anonymous>)
          at Array.forEach (<anonymous>)

    console.log
      Loading bot script from /home/holger/jdevel/tix/config/stundenplan.js

      at log (src/bots.js:25:29)
          at Array.forEach (<anonymous>)

    console.log
      Loaded bot: dringend for type Stundenplan-Ticket with script: dringend(ticket)

      at log (src/bots.js:84:41)
          at Array.forEach (<anonymous>)
          at Array.forEach (<anonymous>)

    console.log
      Loading bot script from /home/holger/jdevel/tix/config/vertretungsplan.js

      at log (src/bots.js:25:29)
          at Array.forEach (<anonymous>)

    console.log
      Loaded bot: dringend for type Vertretungsplan-Ticket with script: dringend(ticket)

      at log (src/bots.js:84:41)
          at Array.forEach (<anonymous>)
          at Array.forEach (<anonymous>)

    console.log
      Bot eintragen (insync) processing ticket RES-1

      at log (src/bots.js:139:21)

    console.log
      [Raumreservierung] Termin for ticket RES-1 eingetragen.

      at eintragen (evalmachine.<anonymous>:26:17)

    console.log
      Ticket RES-1 updated by sync bot eintragen

      at log (src/bots.js:144:25)

    console.log
      Bot verschieben (insync) processing ticket RES-1

      at log (src/bots.js:139:21)

    console.log
      [Raumreservierung] Termin for ticket RES-1 verschoben.

      at verschieben (evalmachine.<anonymous>:97:17)

    console.log
      Ticket RES-1 updated by sync bot verschieben

      at log (src/bots.js:144:25)

    console.log
      Bot stornieren (insync) processing ticket RES-1

      at log (src/bots.js:139:21)

    console.log
      [Raumreservierung] Termin for ticket RES-1 storniert.

      at stornieren (evalmachine.<anonymous>:47:17)

    console.log
      Ticket RES-1 updated by sync bot stornieren

      at log (src/bots.js:144:25)


  ●  Cannot log after tests are done. Did you forget to wait for something async in your test?
    Attempted to log "login status: 200".

      at console.log (node_modules/@jest/console/build/index.js:147:10)
      at dologin (evalmachine.<anonymous>:201:11)
      at fetchblocks (evalmachine.<anonymous>:106:19)
      at raum (evalmachine.<anonymous>:85:22)
      at Object.runFn [as run] (src/bots.js:69:45)
      at src/bots.js:160:17


  ●  Cannot log after tests are done. Did you forget to wait for something async in your test?
    Attempted to log "login status: 200".

      at console.log (node_modules/@jest/console/build/index.js:147:10)
      at dologin (evalmachine.<anonymous>:201:11)
      at fetchblocks (evalmachine.<anonymous>:106:19)
      at raum (evalmachine.<anonymous>:85:22)
      at Object.runFn [as run] (src/bots.js:69:45)
      at src/bots.js:160:17


  ●  Cannot log after tests are done. Did you forget to wait for something async in your test?
    Attempted to log "login status: 200".

      at console.log (node_modules/@jest/console/build/index.js:147:10)
      at dologin (evalmachine.<anonymous>:201:11)
      at fetchblocks (evalmachine.<anonymous>:106:19)
      at raum (evalmachine.<anonymous>:85:22)
      at Object.runFn [as run] (src/bots.js:69:45)
      at src/bots.js:160:17


  ●  Cannot log after tests are done. Did you forget to wait for something async in your test?
    Attempted to log "Error in async bot raumbelegung for ticket ITT-1: [MongoNotConnectedError: Client must be connected before running operations] {
      errorLabelSet: Set(0) {}
    }".

      165 |                 }
      166 |             } catch (err) {
    > 167 |                 console.error(`Error in async bot ${bot.name} for ticket ${ticket.id}:`, err);
          |                         ^
      168 |             }
      169 |         })();
      170 |     });

      at console.error (node_modules/@jest/console/build/index.js:124:10)
      at error (src/bots.js:167:25)


  ●  Cannot log after tests are done. Did you forget to wait for something async in your test?
    Attempted to log "Error in async bot raumbelegung for ticket ITT-1: [MongoNotConnectedError: Client must be connected before running operations] {
      errorLabelSet: Set(0) {}
    }".

      165 |                 }
      166 |             } catch (err) {
    > 167 |                 console.error(`Error in async bot ${bot.name} for ticket ${ticket.id}:`, err);
          |                         ^
      168 |             }
      169 |         })();
      170 |     });

      at console.error (node_modules/@jest/console/build/index.js:124:10)
      at error (src/bots.js:167:25)


  ●  Cannot log after tests are done. Did you forget to wait for something async in your test?
    Attempted to log "Error in async bot raumbelegung for ticket ITT-1: [MongoNotConnectedError: Client must be connected before running operations] {
      errorLabelSet: Set(0) {}
    }".

      165 |                 }
      166 |             } catch (err) {
    > 167 |                 console.error(`Error in async bot ${bot.name} for ticket ${ticket.id}:`, err);
          |                         ^
      168 |             }
      169 |         })();
      170 |     });

      at console.error (node_modules/@jest/console/build/index.js:124:10)
      at error (src/bots.js:167:25)

PASS tests/workflows/krankmeldung.test.js
  ● Console

    console.log
      [Auth] Settings loaded. DevMode: true

      at Object.log (src/auth.js:16:9)

    console.log
      Loaded workflow: Abwesenheitsantrag

      at log (src/workflow.js:50:29)
          at Array.forEach (<anonymous>)

    console.log
      Loaded workflow: Außerunterrichtliche Veranstaltung

      at log (src/workflow.js:50:29)
          at Array.forEach (<anonymous>)

    console.log
      Loaded workflow: Bewirtungsauftrag

      at log (src/workflow.js:50:29)
          at Array.forEach (<anonymous>)

    console.log
      Loaded workflow: Hausmeisterauftrag

      at log (src/workflow.js:50:29)
          at Array.forEach (<anonymous>)

    console.log
      Loaded workflow: IT-Ticket

      at log (src/workflow.js:50:29)
          at Array.forEach (<anonymous>)

    console.log
      Loaded workflow: Krankmeldung

      at log (src/workflow.js:50:29)
          at Array.forEach (<anonymous>)

    console.log
      Loaded workflow: Raumreservierung

      at log (src/workflow.js:50:29)
          at Array.forEach (<anonymous>)

    console.log
      Loaded workflow: Stundenplan-Ticket

      at log (src/workflow.js:50:29)
          at Array.forEach (<anonymous>)

    console.log
      Loaded workflow: Vertretungsplan-Ticket

      at log (src/workflow.js:50:29)
          at Array.forEach (<anonymous>)

    console.log
      MongoDB connected

      at log (src/db.js:25:17)

    console.log
      Loading bots...

      at log (src/bots.js:11:13)

    console.log
      Loading bot script from /home/holger/jdevel/tix/config/abwesenheit.js

      at log (src/bots.js:25:29)
          at Array.forEach (<anonymous>)

    console.log
      Loaded bot: dringend for type Abwesenheitsantrag with script: dringend(ticket)

      at log (src/bots.js:84:41)
          at Array.forEach (<anonymous>)
          at Array.forEach (<anonymous>)

    console.log
      Loading bot script from /home/holger/jdevel/tix/config/außerunterrichtliche_veranstaltung.js

      at log (src/bots.js:25:29)
          at Array.forEach (<anonymous>)

    console.log
      Loaded bot: dringend for type Außerunterrichtliche Veranstaltung with script: dringend(ticket)

      at log (src/bots.js:84:41)
          at Array.forEach (<anonymous>)
          at Array.forEach (<anonymous>)

    console.log
      Loading bot script from /home/holger/jdevel/tix/config/bewirtung.js

      at log (src/bots.js:25:29)
          at Array.forEach (<anonymous>)

    console.log
      Loaded bot: automatisch_genehmigen for type Bewirtungsauftrag with script: automatisch_genehmigen(ticket)

      at log (src/bots.js:84:41)
          at Array.forEach (<anonymous>)
          at Array.forEach (<anonymous>)

    console.log
      Loading bot script from /home/holger/jdevel/tix/config/hausmeister.js

      at log (src/bots.js:25:29)
          at Array.forEach (<anonymous>)

    console.log
      Loaded bot: automatisch_genehmigen for type Hausmeisterauftrag with script: automatisch_genehmigen(ticket)

      at log (src/bots.js:84:41)
          at Array.forEach (<anonymous>)
          at Array.forEach (<anonymous>)

    console.log
      Loading bot script from /home/holger/jdevel/tix/config/it.js

      at log (src/bots.js:25:29)
          at Array.forEach (<anonymous>)

    console.log
      Loaded bot: dringend for type IT-Ticket with script: dringend(ticket)

      at log (src/bots.js:84:41)
          at Array.forEach (<anonymous>)
          at Array.forEach (<anonymous>)

    console.log
      Loaded bot: raumbelegung for type IT-Ticket with script: raum(ticket)

      at log (src/bots.js:84:41)
          at Array.forEach (<anonymous>)
          at Array.forEach (<anonymous>)

    console.log
      Loading bot script from /home/holger/jdevel/tix/config/krankmeldung.js

      at log (src/bots.js:25:29)
          at Array.forEach (<anonymous>)

    console.log
      Loaded bot: dringend for type Krankmeldung with script: dringend(ticket)

      at log (src/bots.js:84:41)
          at Array.forEach (<anonymous>)
          at Array.forEach (<anonymous>)

    console.log
      Loading bot script from /home/holger/jdevel/tix/config/raumreservierung.js

      at log (src/bots.js:25:29)
          at Array.forEach (<anonymous>)

    console.log
      Loaded bot: eintragen for type Raumreservierung with script: eintragen(ticket)

      at log (src/bots.js:84:41)
          at Array.forEach (<anonymous>)
          at Array.forEach (<anonymous>)

    console.log
      Loaded bot: verschieben for type Raumreservierung with script: verschieben(ticket)

      at log (src/bots.js:84:41)
          at Array.forEach (<anonymous>)
          at Array.forEach (<anonymous>)

    console.log
      Loaded bot: stornieren for type Raumreservierung with script: stornieren(ticket)

      at log (src/bots.js:84:41)
          at Array.forEach (<anonymous>)
          at Array.forEach (<anonymous>)

    console.log
      Loaded bot: abschliessen for type Raumreservierung with script: abschliessen(ticket)

      at log (src/bots.js:84:41)
          at Array.forEach (<anonymous>)
          at Array.forEach (<anonymous>)

    console.log
      Loading bot script from /home/holger/jdevel/tix/config/stundenplan.js

      at log (src/bots.js:25:29)
          at Array.forEach (<anonymous>)

    console.log
      Loaded bot: dringend for type Stundenplan-Ticket with script: dringend(ticket)

      at log (src/bots.js:84:41)
          at Array.forEach (<anonymous>)
          at Array.forEach (<anonymous>)

    console.log
      Loading bot script from /home/holger/jdevel/tix/config/vertretungsplan.js

      at log (src/bots.js:25:29)
          at Array.forEach (<anonymous>)

    console.log
      Loaded bot: dringend for type Vertretungsplan-Ticket with script: dringend(ticket)

      at log (src/bots.js:84:41)
          at Array.forEach (<anonymous>)
          at Array.forEach (<anonymous>)

    console.log
      [Auth] No LDAP mapping/DevMode. Settings updated for lehrer1: { notificationUri: 'test:lehrer1@local' }

      at log (src/auth.js:515:17)

    console.log
      [Auth] No LDAP mapping/DevMode. Settings updated for stundenplaner: { notificationUri: 'test:stundenplaner@local' }

      at log (src/auth.js:515:17)

    console.log
      Bot dringend (insync) processing ticket KRM-1

      at log (src/bots.js:139:21)

    console.log
      Ticket KRM-1 updated by sync bot dringend

      at log (src/bots.js:144:25)

    console.log
      Bot dringend (insync) processing ticket KRM-2

      at log (src/bots.js:139:21)

    console.log
      [SubscriptionWorker] Starting periodic check...

      at log (src/subscriptionWorker.js:65:13)

    console.log
      [SubscriptionWorker] Query for stundenplaner / Mir Zugewiesen: {"$or":[{"type":"Abwesenheitsantrag","state":{"$in":["offen.genehmigt","offen.inArbeit"]}},{"type":"Außerunterrichtliche Veranstaltung","state":{"$in":["offen.genehmigt","offen.inArbeit"]}},{"type":"IT-Ticket","state":{"$in":["offen.neu","offen.inArbeit"]},"assignee":"stundenplaner"},{"type":"Krankmeldung","state":{"$in":["offen.neu","offen.inArbeit"]}},{"type":"Stundenplan-Ticket","state":{"$in":["offen.neu","offen.inArbeit"]}},{"type":"Vertretungsplan-Ticket","state":{"$in":["offen.neu","offen.inArbeit"]}}]}

      at log (src/subscriptionWorker.js:127:21)

    console.log
      [SubscriptionWorker] Changes detected for subscription 'Mir Zugewiesen' (User: stundenplaner)

      at log (src/subscriptionWorker.js:135:25)

    console.log
      [SubscriptionWorker] Test notification stored for stundenplaner

      at log (src/subscriptionWorker.js:152:37)

    console.log
      [SubscriptionWorker] Query for lehrer1 / Meine Tickets: {"creator":{"$regex":"lehrer1","$options":"i"}}

      at log (src/subscriptionWorker.js:127:21)

    console.log
      [SubscriptionWorker] Changes detected for subscription 'Meine Tickets' (User: lehrer1)

      at log (src/subscriptionWorker.js:135:25)

    console.log
      [SubscriptionWorker] Test notification stored for lehrer1

      at log (src/subscriptionWorker.js:152:37)

    console.log
      [SubscriptionWorker] Check completed. Waiting for next cycle.

      at log (src/subscriptionWorker.js:208:13)

    console.log
      [Publisher] Checking 1 unpublished logs...

      at log (src/publisher.js:97:21)

    console.log
      [Publisher] Test notification stored for lehrer1

      at log (src/publisher.js:155:37)

    console.log
      [SubscriptionWorker] Starting periodic check...

      at log (src/subscriptionWorker.js:65:13)

    console.log
      [SubscriptionWorker] Query for stundenplaner / Mir Zugewiesen: {"$or":[{"type":"Abwesenheitsantrag","state":{"$in":["offen.genehmigt","offen.inArbeit"]}},{"type":"Außerunterrichtliche Veranstaltung","state":{"$in":["offen.genehmigt","offen.inArbeit"]}},{"type":"IT-Ticket","state":{"$in":["offen.neu","offen.inArbeit"]},"assignee":"stundenplaner"},{"type":"Krankmeldung","state":{"$in":["offen.neu","offen.inArbeit"]}},{"type":"Stundenplan-Ticket","state":{"$in":["offen.neu","offen.inArbeit"]}},{"type":"Vertretungsplan-Ticket","state":{"$in":["offen.neu","offen.inArbeit"]}}]}

      at log (src/subscriptionWorker.js:127:21)

    console.log
      [SubscriptionWorker] Changes detected for subscription 'Mir Zugewiesen' (User: stundenplaner)

      at log (src/subscriptionWorker.js:135:25)

    console.log
      [SubscriptionWorker] Test notification stored for stundenplaner

      at log (src/subscriptionWorker.js:152:37)

    console.log
      [SubscriptionWorker] Query for lehrer1 / Meine Tickets: {"creator":{"$regex":"lehrer1","$options":"i"}}

      at log (src/subscriptionWorker.js:127:21)

    console.log
      [SubscriptionWorker] Changes detected for subscription 'Meine Tickets' (User: lehrer1)

      at log (src/subscriptionWorker.js:135:25)

    console.log
      [SubscriptionWorker] Test notification stored for lehrer1

      at log (src/subscriptionWorker.js:152:37)

    console.log
      [SubscriptionWorker] Check completed. Waiting for next cycle.

      at log (src/subscriptionWorker.js:208:13)

    console.log
      Bot dringend (insync) processing ticket KRM-1

      at log (src/bots.js:139:21)

    console.log
      Ticket KRM-1 updated by sync bot dringend

      at log (src/bots.js:144:25)

PASS tests/workflows/stundenplan.test.js
  ● Console

    console.log
      [Auth] Settings loaded. DevMode: true

      at Object.log (src/auth.js:16:9)

    console.log
      Loaded workflow: Abwesenheitsantrag

      at log (src/workflow.js:50:29)
          at Array.forEach (<anonymous>)

    console.log
      Loaded workflow: Außerunterrichtliche Veranstaltung

      at log (src/workflow.js:50:29)
          at Array.forEach (<anonymous>)

    console.log
      Loaded workflow: Bewirtungsauftrag

      at log (src/workflow.js:50:29)
          at Array.forEach (<anonymous>)

    console.log
      Loaded workflow: Hausmeisterauftrag

      at log (src/workflow.js:50:29)
          at Array.forEach (<anonymous>)

    console.log
      Loaded workflow: IT-Ticket

      at log (src/workflow.js:50:29)
          at Array.forEach (<anonymous>)

    console.log
      Loaded workflow: Krankmeldung

      at log (src/workflow.js:50:29)
          at Array.forEach (<anonymous>)

    console.log
      Loaded workflow: Raumreservierung

      at log (src/workflow.js:50:29)
          at Array.forEach (<anonymous>)

    console.log
      Loaded workflow: Stundenplan-Ticket

      at log (src/workflow.js:50:29)
          at Array.forEach (<anonymous>)

    console.log
      Loaded workflow: Vertretungsplan-Ticket

      at log (src/workflow.js:50:29)
          at Array.forEach (<anonymous>)

    console.log
      MongoDB connected

      at log (src/db.js:25:17)

    console.log
      Loading bots...

      at log (src/bots.js:11:13)

    console.log
      Loading bot script from /home/holger/jdevel/tix/config/abwesenheit.js

      at log (src/bots.js:25:29)
          at Array.forEach (<anonymous>)

    console.log
      Loaded bot: dringend for type Abwesenheitsantrag with script: dringend(ticket)

      at log (src/bots.js:84:41)
          at Array.forEach (<anonymous>)
          at Array.forEach (<anonymous>)

    console.log
      Loading bot script from /home/holger/jdevel/tix/config/außerunterrichtliche_veranstaltung.js

      at log (src/bots.js:25:29)
          at Array.forEach (<anonymous>)

    console.log
      Loaded bot: dringend for type Außerunterrichtliche Veranstaltung with script: dringend(ticket)

      at log (src/bots.js:84:41)
          at Array.forEach (<anonymous>)
          at Array.forEach (<anonymous>)

    console.log
      Loading bot script from /home/holger/jdevel/tix/config/bewirtung.js

      at log (src/bots.js:25:29)
          at Array.forEach (<anonymous>)

    console.log
      Loaded bot: automatisch_genehmigen for type Bewirtungsauftrag with script: automatisch_genehmigen(ticket)

      at log (src/bots.js:84:41)
          at Array.forEach (<anonymous>)
          at Array.forEach (<anonymous>)

    console.log
      Loading bot script from /home/holger/jdevel/tix/config/hausmeister.js

      at log (src/bots.js:25:29)
          at Array.forEach (<anonymous>)

    console.log
      Loaded bot: automatisch_genehmigen for type Hausmeisterauftrag with script: automatisch_genehmigen(ticket)

      at log (src/bots.js:84:41)
          at Array.forEach (<anonymous>)
          at Array.forEach (<anonymous>)

    console.log
      Loading bot script from /home/holger/jdevel/tix/config/it.js

      at log (src/bots.js:25:29)
          at Array.forEach (<anonymous>)

    console.log
      Loaded bot: dringend for type IT-Ticket with script: dringend(ticket)

      at log (src/bots.js:84:41)
          at Array.forEach (<anonymous>)
          at Array.forEach (<anonymous>)

    console.log
      Loaded bot: raumbelegung for type IT-Ticket with script: raum(ticket)

      at log (src/bots.js:84:41)
          at Array.forEach (<anonymous>)
          at Array.forEach (<anonymous>)

    console.log
      Loading bot script from /home/holger/jdevel/tix/config/krankmeldung.js

      at log (src/bots.js:25:29)
          at Array.forEach (<anonymous>)

    console.log
      Loaded bot: dringend for type Krankmeldung with script: dringend(ticket)

      at log (src/bots.js:84:41)
          at Array.forEach (<anonymous>)
          at Array.forEach (<anonymous>)

    console.log
      Loading bot script from /home/holger/jdevel/tix/config/raumreservierung.js

      at log (src/bots.js:25:29)
          at Array.forEach (<anonymous>)

    console.log
      Loaded bot: eintragen for type Raumreservierung with script: eintragen(ticket)

      at log (src/bots.js:84:41)
          at Array.forEach (<anonymous>)
          at Array.forEach (<anonymous>)

    console.log
      Loaded bot: verschieben for type Raumreservierung with script: verschieben(ticket)

      at log (src/bots.js:84:41)
          at Array.forEach (<anonymous>)
          at Array.forEach (<anonymous>)

    console.log
      Loaded bot: stornieren for type Raumreservierung with script: stornieren(ticket)

      at log (src/bots.js:84:41)
          at Array.forEach (<anonymous>)
          at Array.forEach (<anonymous>)

    console.log
      Loaded bot: abschliessen for type Raumreservierung with script: abschliessen(ticket)

      at log (src/bots.js:84:41)
          at Array.forEach (<anonymous>)
          at Array.forEach (<anonymous>)

    console.log
      Loading bot script from /home/holger/jdevel/tix/config/stundenplan.js

      at log (src/bots.js:25:29)
          at Array.forEach (<anonymous>)

    console.log
      Loaded bot: dringend for type Stundenplan-Ticket with script: dringend(ticket)

      at log (src/bots.js:84:41)
          at Array.forEach (<anonymous>)
          at Array.forEach (<anonymous>)

    console.log
      Loading bot script from /home/holger/jdevel/tix/config/vertretungsplan.js

      at log (src/bots.js:25:29)
          at Array.forEach (<anonymous>)

    console.log
      Loaded bot: dringend for type Vertretungsplan-Ticket with script: dringend(ticket)

      at log (src/bots.js:84:41)
          at Array.forEach (<anonymous>)
          at Array.forEach (<anonymous>)

    console.log
      Bot dringend (insync) processing ticket STP-1

      at log (src/bots.js:139:21)

    console.log
      Ticket STP-1 updated by sync bot dringend

      at log (src/bots.js:144:25)

    console.log
      Bot dringend (insync) processing ticket STP-1

      at log (src/bots.js:139:21)

    console.log
      Ticket STP-1 updated by sync bot dringend

      at log (src/bots.js:144:25)

    console.log
      Bot dringend (insync) processing ticket STP-1

      at log (src/bots.js:139:21)

    console.log
      Ticket STP-1 updated by sync bot dringend

      at log (src/bots.js:144:25)

    console.log
      Bot dringend (insync) processing ticket STP-1

      at log (src/bots.js:139:21)

    console.log
      Ticket STP-1 updated by sync bot dringend

      at log (src/bots.js:144:25)

PASS tests/workflows/vertretungsplan.test.js
  ● Console

    console.log
      [Auth] Settings loaded. DevMode: true

      at Object.log (src/auth.js:16:9)

    console.log
      Loaded workflow: Abwesenheitsantrag

      at log (src/workflow.js:50:29)
          at Array.forEach (<anonymous>)

    console.log
      Loaded workflow: Außerunterrichtliche Veranstaltung

      at log (src/workflow.js:50:29)
          at Array.forEach (<anonymous>)

    console.log
      Loaded workflow: Bewirtungsauftrag

      at log (src/workflow.js:50:29)
          at Array.forEach (<anonymous>)

    console.log
      Loaded workflow: Hausmeisterauftrag

      at log (src/workflow.js:50:29)
          at Array.forEach (<anonymous>)

    console.log
      Loaded workflow: IT-Ticket

      at log (src/workflow.js:50:29)
          at Array.forEach (<anonymous>)

    console.log
      Loaded workflow: Krankmeldung

      at log (src/workflow.js:50:29)
          at Array.forEach (<anonymous>)

    console.log
      Loaded workflow: Raumreservierung

      at log (src/workflow.js:50:29)
          at Array.forEach (<anonymous>)

    console.log
      Loaded workflow: Stundenplan-Ticket

      at log (src/workflow.js:50:29)
          at Array.forEach (<anonymous>)

    console.log
      Loaded workflow: Vertretungsplan-Ticket

      at log (src/workflow.js:50:29)
          at Array.forEach (<anonymous>)

    console.log
      MongoDB connected

      at log (src/db.js:25:17)

    console.log
      Loading bots...

      at log (src/bots.js:11:13)

    console.log
      Loading bot script from /home/holger/jdevel/tix/config/abwesenheit.js

      at log (src/bots.js:25:29)
          at Array.forEach (<anonymous>)

    console.log
      Loaded bot: dringend for type Abwesenheitsantrag with script: dringend(ticket)

      at log (src/bots.js:84:41)
          at Array.forEach (<anonymous>)
          at Array.forEach (<anonymous>)

    console.log
      Loading bot script from /home/holger/jdevel/tix/config/außerunterrichtliche_veranstaltung.js

      at log (src/bots.js:25:29)
          at Array.forEach (<anonymous>)

    console.log
      Loaded bot: dringend for type Außerunterrichtliche Veranstaltung with script: dringend(ticket)

      at log (src/bots.js:84:41)
          at Array.forEach (<anonymous>)
          at Array.forEach (<anonymous>)

    console.log
      Loading bot script from /home/holger/jdevel/tix/config/bewirtung.js

      at log (src/bots.js:25:29)
          at Array.forEach (<anonymous>)

    console.log
      Loaded bot: automatisch_genehmigen for type Bewirtungsauftrag with script: automatisch_genehmigen(ticket)

      at log (src/bots.js:84:41)
          at Array.forEach (<anonymous>)
          at Array.forEach (<anonymous>)

    console.log
      Loading bot script from /home/holger/jdevel/tix/config/hausmeister.js

      at log (src/bots.js:25:29)
          at Array.forEach (<anonymous>)

    console.log
      Loaded bot: automatisch_genehmigen for type Hausmeisterauftrag with script: automatisch_genehmigen(ticket)

      at log (src/bots.js:84:41)
          at Array.forEach (<anonymous>)
          at Array.forEach (<anonymous>)

    console.log
      Loading bot script from /home/holger/jdevel/tix/config/it.js

      at log (src/bots.js:25:29)
          at Array.forEach (<anonymous>)

    console.log
      Loaded bot: dringend for type IT-Ticket with script: dringend(ticket)

      at log (src/bots.js:84:41)
          at Array.forEach (<anonymous>)
          at Array.forEach (<anonymous>)

    console.log
      Loaded bot: raumbelegung for type IT-Ticket with script: raum(ticket)

      at log (src/bots.js:84:41)
          at Array.forEach (<anonymous>)
          at Array.forEach (<anonymous>)

    console.log
      Loading bot script from /home/holger/jdevel/tix/config/krankmeldung.js

      at log (src/bots.js:25:29)
          at Array.forEach (<anonymous>)

    console.log
      Loaded bot: dringend for type Krankmeldung with script: dringend(ticket)

      at log (src/bots.js:84:41)
          at Array.forEach (<anonymous>)
          at Array.forEach (<anonymous>)

    console.log
      Loading bot script from /home/holger/jdevel/tix/config/raumreservierung.js

      at log (src/bots.js:25:29)
          at Array.forEach (<anonymous>)

    console.log
      Loaded bot: eintragen for type Raumreservierung with script: eintragen(ticket)

      at log (src/bots.js:84:41)
          at Array.forEach (<anonymous>)
          at Array.forEach (<anonymous>)

    console.log
      Loaded bot: verschieben for type Raumreservierung with script: verschieben(ticket)

      at log (src/bots.js:84:41)
          at Array.forEach (<anonymous>)
          at Array.forEach (<anonymous>)

    console.log
      Loaded bot: stornieren for type Raumreservierung with script: stornieren(ticket)

      at log (src/bots.js:84:41)
          at Array.forEach (<anonymous>)
          at Array.forEach (<anonymous>)

    console.log
      Loaded bot: abschliessen for type Raumreservierung with script: abschliessen(ticket)

      at log (src/bots.js:84:41)
          at Array.forEach (<anonymous>)
          at Array.forEach (<anonymous>)

    console.log
      Loading bot script from /home/holger/jdevel/tix/config/stundenplan.js

      at log (src/bots.js:25:29)
          at Array.forEach (<anonymous>)

    console.log
      Loaded bot: dringend for type Stundenplan-Ticket with script: dringend(ticket)

      at log (src/bots.js:84:41)
          at Array.forEach (<anonymous>)
          at Array.forEach (<anonymous>)

    console.log
      Loading bot script from /home/holger/jdevel/tix/config/vertretungsplan.js

      at log (src/bots.js:25:29)
          at Array.forEach (<anonymous>)

    console.log
      Loaded bot: dringend for type Vertretungsplan-Ticket with script: dringend(ticket)

      at log (src/bots.js:84:41)
          at Array.forEach (<anonymous>)
          at Array.forEach (<anonymous>)

    console.log
      Bot dringend (insync) processing ticket VRP-1

      at log (src/bots.js:139:21)

    console.log
      Ticket VRP-1 updated by sync bot dringend

      at log (src/bots.js:144:25)

    console.log
      Bot dringend (insync) processing ticket VRP-1

      at log (src/bots.js:139:21)

    console.log
      Ticket VRP-1 updated by sync bot dringend

      at log (src/bots.js:144:25)

    console.log
      Bot dringend (insync) processing ticket VRP-1

      at log (src/bots.js:139:21)

    console.log
      Ticket VRP-1 updated by sync bot dringend

      at log (src/bots.js:144:25)

    console.log
      Bot dringend (insync) processing ticket VRP-1

      at log (src/bots.js:139:21)

    console.log
      Ticket VRP-1 updated by sync bot dringend

      at log (src/bots.js:144:25)

PASS tests/workflows/außerunterrichtliche_veranstaltung.test.js
  ● Console

    console.log
      [Auth] Settings loaded. DevMode: true

      at Object.log (src/auth.js:16:9)

    console.log
      Loaded workflow: Abwesenheitsantrag

      at log (src/workflow.js:50:29)
          at Array.forEach (<anonymous>)

    console.log
      Loaded workflow: Außerunterrichtliche Veranstaltung

      at log (src/workflow.js:50:29)
          at Array.forEach (<anonymous>)

    console.log
      Loaded workflow: Bewirtungsauftrag

      at log (src/workflow.js:50:29)
          at Array.forEach (<anonymous>)

    console.log
      Loaded workflow: Hausmeisterauftrag

      at log (src/workflow.js:50:29)
          at Array.forEach (<anonymous>)

    console.log
      Loaded workflow: IT-Ticket

      at log (src/workflow.js:50:29)
          at Array.forEach (<anonymous>)

    console.log
      Loaded workflow: Krankmeldung

      at log (src/workflow.js:50:29)
          at Array.forEach (<anonymous>)

    console.log
      Loaded workflow: Raumreservierung

      at log (src/workflow.js:50:29)
          at Array.forEach (<anonymous>)

    console.log
      Loaded workflow: Stundenplan-Ticket

      at log (src/workflow.js:50:29)
          at Array.forEach (<anonymous>)

    console.log
      Loaded workflow: Vertretungsplan-Ticket

      at log (src/workflow.js:50:29)
          at Array.forEach (<anonymous>)

    console.log
      MongoDB connected

      at log (src/db.js:25:17)

    console.log
      Loading bots...

      at log (src/bots.js:11:13)

    console.log
      Loading bot script from /home/holger/jdevel/tix/config/abwesenheit.js

      at log (src/bots.js:25:29)
          at Array.forEach (<anonymous>)

    console.log
      Loaded bot: dringend for type Abwesenheitsantrag with script: dringend(ticket)

      at log (src/bots.js:84:41)
          at Array.forEach (<anonymous>)
          at Array.forEach (<anonymous>)

    console.log
      Loading bot script from /home/holger/jdevel/tix/config/außerunterrichtliche_veranstaltung.js

      at log (src/bots.js:25:29)
          at Array.forEach (<anonymous>)

    console.log
      Loaded bot: dringend for type Außerunterrichtliche Veranstaltung with script: dringend(ticket)

      at log (src/bots.js:84:41)
          at Array.forEach (<anonymous>)
          at Array.forEach (<anonymous>)

    console.log
      Loading bot script from /home/holger/jdevel/tix/config/bewirtung.js

      at log (src/bots.js:25:29)
          at Array.forEach (<anonymous>)

    console.log
      Loaded bot: automatisch_genehmigen for type Bewirtungsauftrag with script: automatisch_genehmigen(ticket)

      at log (src/bots.js:84:41)
          at Array.forEach (<anonymous>)
          at Array.forEach (<anonymous>)

    console.log
      Loading bot script from /home/holger/jdevel/tix/config/hausmeister.js

      at log (src/bots.js:25:29)
          at Array.forEach (<anonymous>)

    console.log
      Loaded bot: automatisch_genehmigen for type Hausmeisterauftrag with script: automatisch_genehmigen(ticket)

      at log (src/bots.js:84:41)
          at Array.forEach (<anonymous>)
          at Array.forEach (<anonymous>)

    console.log
      Loading bot script from /home/holger/jdevel/tix/config/it.js

      at log (src/bots.js:25:29)
          at Array.forEach (<anonymous>)

    console.log
      Loaded bot: dringend for type IT-Ticket with script: dringend(ticket)

      at log (src/bots.js:84:41)
          at Array.forEach (<anonymous>)
          at Array.forEach (<anonymous>)

    console.log
      Loaded bot: raumbelegung for type IT-Ticket with script: raum(ticket)

      at log (src/bots.js:84:41)
          at Array.forEach (<anonymous>)
          at Array.forEach (<anonymous>)

    console.log
      Loading bot script from /home/holger/jdevel/tix/config/krankmeldung.js

      at log (src/bots.js:25:29)
          at Array.forEach (<anonymous>)

    console.log
      Loaded bot: dringend for type Krankmeldung with script: dringend(ticket)

      at log (src/bots.js:84:41)
          at Array.forEach (<anonymous>)
          at Array.forEach (<anonymous>)

    console.log
      Loading bot script from /home/holger/jdevel/tix/config/raumreservierung.js

      at log (src/bots.js:25:29)
          at Array.forEach (<anonymous>)

    console.log
      Loaded bot: eintragen for type Raumreservierung with script: eintragen(ticket)

      at log (src/bots.js:84:41)
          at Array.forEach (<anonymous>)
          at Array.forEach (<anonymous>)

    console.log
      Loaded bot: verschieben for type Raumreservierung with script: verschieben(ticket)

      at log (src/bots.js:84:41)
          at Array.forEach (<anonymous>)
          at Array.forEach (<anonymous>)

    console.log
      Loaded bot: stornieren for type Raumreservierung with script: stornieren(ticket)

      at log (src/bots.js:84:41)
          at Array.forEach (<anonymous>)
          at Array.forEach (<anonymous>)

    console.log
      Loaded bot: abschliessen for type Raumreservierung with script: abschliessen(ticket)

      at log (src/bots.js:84:41)
          at Array.forEach (<anonymous>)
          at Array.forEach (<anonymous>)

    console.log
      Loading bot script from /home/holger/jdevel/tix/config/stundenplan.js

      at log (src/bots.js:25:29)
          at Array.forEach (<anonymous>)

    console.log
      Loaded bot: dringend for type Stundenplan-Ticket with script: dringend(ticket)

      at log (src/bots.js:84:41)
          at Array.forEach (<anonymous>)
          at Array.forEach (<anonymous>)

    console.log
      Loading bot script from /home/holger/jdevel/tix/config/vertretungsplan.js

      at log (src/bots.js:25:29)
          at Array.forEach (<anonymous>)

    console.log
      Loaded bot: dringend for type Vertretungsplan-Ticket with script: dringend(ticket)

      at log (src/bots.js:84:41)
          at Array.forEach (<anonymous>)
          at Array.forEach (<anonymous>)

    console.log
      [Auth] No LDAP mapping/DevMode. Settings updated for lehrer1: { notificationUri: 'test:lehrer1@local' }

      at log (src/auth.js:515:17)

    console.log
      [Auth] No LDAP mapping/DevMode. Settings updated for abteilungsleiter: { notificationUri: 'test:abteilungsleiter@local' }

      at log (src/auth.js:515:17)

    console.log
      [Auth] No LDAP mapping/DevMode. Settings updated for stundenplaner: { notificationUri: 'test:stundenplaner@local' }

      at log (src/auth.js:515:17)

    console.log
      Bot dringend (insync) processing ticket AUV-1

      at log (src/bots.js:139:21)

    console.log
      Bot dringend (insync) processing ticket AUV-1

      at log (src/bots.js:139:21)

    console.log
      Bot dringend (insync) processing ticket AUV-1

      at log (src/bots.js:139:21)

PASS tests/workflows/it.test.js
  ● Console

    console.log
      [Auth] Settings loaded. DevMode: true

      at Object.log (src/auth.js:16:9)

    console.log
      Loaded workflow: Abwesenheitsantrag

      at log (src/workflow.js:50:29)
          at Array.forEach (<anonymous>)

    console.log
      Loaded workflow: Außerunterrichtliche Veranstaltung

      at log (src/workflow.js:50:29)
          at Array.forEach (<anonymous>)

    console.log
      Loaded workflow: Bewirtungsauftrag

      at log (src/workflow.js:50:29)
          at Array.forEach (<anonymous>)

    console.log
      Loaded workflow: Hausmeisterauftrag

      at log (src/workflow.js:50:29)
          at Array.forEach (<anonymous>)

    console.log
      Loaded workflow: IT-Ticket

      at log (src/workflow.js:50:29)
          at Array.forEach (<anonymous>)

    console.log
      Loaded workflow: Krankmeldung

      at log (src/workflow.js:50:29)
          at Array.forEach (<anonymous>)

    console.log
      Loaded workflow: Raumreservierung

      at log (src/workflow.js:50:29)
          at Array.forEach (<anonymous>)

    console.log
      Loaded workflow: Stundenplan-Ticket

      at log (src/workflow.js:50:29)
          at Array.forEach (<anonymous>)

    console.log
      Loaded workflow: Vertretungsplan-Ticket

      at log (src/workflow.js:50:29)
          at Array.forEach (<anonymous>)

    console.log
      MongoDB connected

      at log (src/db.js:25:17)

    console.log
      Loading bots...

      at log (src/bots.js:11:13)

    console.log
      Loading bot script from /home/holger/jdevel/tix/config/abwesenheit.js

      at log (src/bots.js:25:29)
          at Array.forEach (<anonymous>)

    console.log
      Loaded bot: dringend for type Abwesenheitsantrag with script: dringend(ticket)

      at log (src/bots.js:84:41)
          at Array.forEach (<anonymous>)
          at Array.forEach (<anonymous>)

    console.log
      Loading bot script from /home/holger/jdevel/tix/config/außerunterrichtliche_veranstaltung.js

      at log (src/bots.js:25:29)
          at Array.forEach (<anonymous>)

    console.log
      Loaded bot: dringend for type Außerunterrichtliche Veranstaltung with script: dringend(ticket)

      at log (src/bots.js:84:41)
          at Array.forEach (<anonymous>)
          at Array.forEach (<anonymous>)

    console.log
      Loading bot script from /home/holger/jdevel/tix/config/bewirtung.js

      at log (src/bots.js:25:29)
          at Array.forEach (<anonymous>)

    console.log
      Loaded bot: automatisch_genehmigen for type Bewirtungsauftrag with script: automatisch_genehmigen(ticket)

      at log (src/bots.js:84:41)
          at Array.forEach (<anonymous>)
          at Array.forEach (<anonymous>)

    console.log
      Loading bot script from /home/holger/jdevel/tix/config/hausmeister.js

      at log (src/bots.js:25:29)
          at Array.forEach (<anonymous>)

    console.log
      Loaded bot: automatisch_genehmigen for type Hausmeisterauftrag with script: automatisch_genehmigen(ticket)

      at log (src/bots.js:84:41)
          at Array.forEach (<anonymous>)
          at Array.forEach (<anonymous>)

    console.log
      Loading bot script from /home/holger/jdevel/tix/config/it.js

      at log (src/bots.js:25:29)
          at Array.forEach (<anonymous>)

    console.log
      Loaded bot: dringend for type IT-Ticket with script: dringend(ticket)

      at log (src/bots.js:84:41)
          at Array.forEach (<anonymous>)
          at Array.forEach (<anonymous>)

    console.log
      Loaded bot: raumbelegung for type IT-Ticket with script: raum(ticket)

      at log (src/bots.js:84:41)
          at Array.forEach (<anonymous>)
          at Array.forEach (<anonymous>)

    console.log
      Loading bot script from /home/holger/jdevel/tix/config/krankmeldung.js

      at log (src/bots.js:25:29)
          at Array.forEach (<anonymous>)

    console.log
      Loaded bot: dringend for type Krankmeldung with script: dringend(ticket)

      at log (src/bots.js:84:41)
          at Array.forEach (<anonymous>)
          at Array.forEach (<anonymous>)

    console.log
      Loading bot script from /home/holger/jdevel/tix/config/raumreservierung.js

      at log (src/bots.js:25:29)
          at Array.forEach (<anonymous>)

    console.log
      Loaded bot: eintragen for type Raumreservierung with script: eintragen(ticket)

      at log (src/bots.js:84:41)
          at Array.forEach (<anonymous>)
          at Array.forEach (<anonymous>)

    console.log
      Loaded bot: verschieben for type Raumreservierung with script: verschieben(ticket)

      at log (src/bots.js:84:41)
          at Array.forEach (<anonymous>)
          at Array.forEach (<anonymous>)

    console.log
      Loaded bot: stornieren for type Raumreservierung with script: stornieren(ticket)

      at log (src/bots.js:84:41)
          at Array.forEach (<anonymous>)
          at Array.forEach (<anonymous>)

    console.log
      Loaded bot: abschliessen for type Raumreservierung with script: abschliessen(ticket)

      at log (src/bots.js:84:41)
          at Array.forEach (<anonymous>)
          at Array.forEach (<anonymous>)

    console.log
      Loading bot script from /home/holger/jdevel/tix/config/stundenplan.js

      at log (src/bots.js:25:29)
          at Array.forEach (<anonymous>)

    console.log
      Loaded bot: dringend for type Stundenplan-Ticket with script: dringend(ticket)

      at log (src/bots.js:84:41)
          at Array.forEach (<anonymous>)
          at Array.forEach (<anonymous>)

    console.log
      Loading bot script from /home/holger/jdevel/tix/config/vertretungsplan.js

      at log (src/bots.js:25:29)
          at Array.forEach (<anonymous>)

    console.log
      Loaded bot: dringend for type Vertretungsplan-Ticket with script: dringend(ticket)

      at log (src/bots.js:84:41)
          at Array.forEach (<anonymous>)
          at Array.forEach (<anonymous>)

    console.log
      [Auth] No LDAP mapping/DevMode. Settings updated for lehrer1: { notificationUri: 'test:lehrer1@local' }

      at log (src/auth.js:515:17)

    console.log
      [Auth] No LDAP mapping/DevMode. Settings updated for netzwerker: { notificationUri: 'test:netzwerker@local' }

      at log (src/auth.js:515:17)

    console.log
      Bot dringend (insync) processing ticket ITT-1

      at log (src/bots.js:139:21)

    console.log
      Ticket ITT-1 updated by sync bot dringend

      at log (src/bots.js:144:25)

    console.log
      Bot raumbelegung (async) processing ticket ITT-1

      at log (src/bots.js:159:25)

    console.log
      [SubscriptionWorker] Starting periodic check...

      at log (src/subscriptionWorker.js:65:13)

    console.log
      [SubscriptionWorker] Query for netzwerker / Persönlich: {"assignee":"netzwerker"}

      at log (src/subscriptionWorker.js:127:21)

    console.log
      [SubscriptionWorker] Query for netzwerker / Mir Zugewiesen: {"$or":[{"type":"IT-Ticket","state":{"$in":["offen.neu","offen.inArbeit"]}},{"type":"Stundenplan-Ticket","state":{"$in":["offen.neu","offen.inArbeit"]},"assignee":"netzwerker"},{"type":"Vertretungsplan-Ticket","state":{"$in":["offen.neu","offen.inArbeit"]},"assignee":"netzwerker"}]}

      at log (src/subscriptionWorker.js:127:21)

    console.log
      [SubscriptionWorker] Changes detected for subscription 'Mir Zugewiesen' (User: netzwerker)

      at log (src/subscriptionWorker.js:135:25)

    console.log
      [SubscriptionWorker] Test notification stored for netzwerker

      at log (src/subscriptionWorker.js:152:37)

    console.log
      [SubscriptionWorker] Query for lehrer1 / Meine Tickets: {"creator":{"$regex":"lehrer1","$options":"i"}}

      at log (src/subscriptionWorker.js:127:21)

    console.log
      [SubscriptionWorker] Changes detected for subscription 'Meine Tickets' (User: lehrer1)

      at log (src/subscriptionWorker.js:135:25)

    console.log
      [SubscriptionWorker] Test notification stored for lehrer1

      at log (src/subscriptionWorker.js:152:37)

    console.log
      [SubscriptionWorker] Check completed. Waiting for next cycle.

      at log (src/subscriptionWorker.js:208:13)

    console.log
      Bot dringend (insync) processing ticket ITT-1

      at log (src/bots.js:139:21)

    console.log
      Bot raumbelegung (async) processing ticket ITT-1

      at log (src/bots.js:159:25)

    console.log
      [SubscriptionWorker] Starting periodic check...

      at log (src/subscriptionWorker.js:65:13)

    console.log
      [SubscriptionWorker] Query for netzwerker / Persönlich: {"assignee":"netzwerker"}

      at log (src/subscriptionWorker.js:127:21)

    console.log
      [SubscriptionWorker] Changes detected for subscription 'Persönlich' (User: netzwerker)

      at log (src/subscriptionWorker.js:135:25)

    console.log
      [SubscriptionWorker] Test notification stored for netzwerker

      at log (src/subscriptionWorker.js:152:37)

    console.log
      [SubscriptionWorker] Query for netzwerker / Mir Zugewiesen: {"$or":[{"type":"IT-Ticket","state":{"$in":["offen.neu","offen.inArbeit"]}},{"type":"Stundenplan-Ticket","state":{"$in":["offen.neu","offen.inArbeit"]},"assignee":"netzwerker"},{"type":"Vertretungsplan-Ticket","state":{"$in":["offen.neu","offen.inArbeit"]},"assignee":"netzwerker"}]}

      at log (src/subscriptionWorker.js:127:21)

    console.log
      [SubscriptionWorker] Query for lehrer1 / Meine Tickets: {"creator":{"$regex":"lehrer1","$options":"i"}}

      at log (src/subscriptionWorker.js:127:21)

    console.log
      [SubscriptionWorker] Check completed. Waiting for next cycle.

      at log (src/subscriptionWorker.js:208:13)


  ●  Cannot log after tests are done. Did you forget to wait for something async in your test?
    Attempted to log "token: n7TdJy2uCDtVMMvqd9a9wdAizmrWltFfbDswxjqDZgO1C25zqoPvERyYPQp4B_2PQ_uJouNH4wizp7dyWAhWowniXjuDP1sW".

      at console.log (node_modules/@jest/console/build/index.js:147:10)
      at fetchtoken (evalmachine.<anonymous>:237:11)
      at fetchblocks (evalmachine.<anonymous>:103:19)
      at raum (evalmachine.<anonymous>:85:22)
      at Object.runFn [as run] (src/bots.js:69:45)
      at src/bots.js:160:17


  ●  Cannot log after tests are done. Did you forget to wait for something async in your test?
    Attempted to log "token: pHkSTYQDE8K8AP63yp7sATesTzghIbqoAx7YKzf2Zfvr0mwCwUErfbNicveROMmAqbPYYlXJYlkTQIKFYSnvGwfBA8jT61th".

      at console.log (node_modules/@jest/console/build/index.js:147:10)
      at fetchtoken (evalmachine.<anonymous>:237:11)
      at fetchblocks (evalmachine.<anonymous>:103:19)
      at raum (evalmachine.<anonymous>:85:22)
      at Object.runFn [as run] (src/bots.js:69:45)
      at src/bots.js:160:17


  ●  Cannot log after tests are done. Did you forget to wait for something async in your test?
    Attempted to log "[WebUntis] Server time: 2026-03-21T17:27:37.000Z | Local time: 2026-03-21T17:27:37.922Z".

      at console.log (node_modules/@jest/console/build/index.js:147:10)
      at time (evalmachine.<anonymous>:172:13)
      at dologin (evalmachine.<anonymous>:187:22)
      at fetchblocks (evalmachine.<anonymous>:106:19)
      at raum (evalmachine.<anonymous>:85:22)
      at Object.runFn [as run] (src/bots.js:69:45)
      at src/bots.js:160:17


  ●  Cannot log after tests are done. Did you forget to wait for something async in your test?
    Attempted to log "[WebUntis] Server time: 2026-03-21T17:27:37.000Z | Local time: 2026-03-21T17:27:38.163Z".

      at console.log (node_modules/@jest/console/build/index.js:147:10)
      at time (evalmachine.<anonymous>:172:13)
      at dologin (evalmachine.<anonymous>:187:22)
      at fetchblocks (evalmachine.<anonymous>:106:19)
      at raum (evalmachine.<anonymous>:85:22)
      at Object.runFn [as run] (src/bots.js:69:45)
      at src/bots.js:160:17

PASS tests/workflows/bewirtung.test.js
  ● Console

    console.log
      [Auth] Settings loaded. DevMode: true

      at Object.log (src/auth.js:16:9)

    console.log
      Loaded workflow: Abwesenheitsantrag

      at log (src/workflow.js:50:29)
          at Array.forEach (<anonymous>)

    console.log
      Loaded workflow: Außerunterrichtliche Veranstaltung

      at log (src/workflow.js:50:29)
          at Array.forEach (<anonymous>)

    console.log
      Loaded workflow: Bewirtungsauftrag

      at log (src/workflow.js:50:29)
          at Array.forEach (<anonymous>)

    console.log
      Loaded workflow: Hausmeisterauftrag

      at log (src/workflow.js:50:29)
          at Array.forEach (<anonymous>)

    console.log
      Loaded workflow: IT-Ticket

      at log (src/workflow.js:50:29)
          at Array.forEach (<anonymous>)

    console.log
      Loaded workflow: Krankmeldung

      at log (src/workflow.js:50:29)
          at Array.forEach (<anonymous>)

    console.log
      Loaded workflow: Raumreservierung

      at log (src/workflow.js:50:29)
          at Array.forEach (<anonymous>)

    console.log
      Loaded workflow: Stundenplan-Ticket

      at log (src/workflow.js:50:29)
          at Array.forEach (<anonymous>)

    console.log
      Loaded workflow: Vertretungsplan-Ticket

      at log (src/workflow.js:50:29)
          at Array.forEach (<anonymous>)

    console.log
      MongoDB connected

      at log (src/db.js:25:17)

    console.log
      Loading bots...

      at log (src/bots.js:11:13)

    console.log
      Loading bot script from /home/holger/jdevel/tix/config/abwesenheit.js

      at log (src/bots.js:25:29)
          at Array.forEach (<anonymous>)

    console.log
      Loaded bot: dringend for type Abwesenheitsantrag with script: dringend(ticket)

      at log (src/bots.js:84:41)
          at Array.forEach (<anonymous>)
          at Array.forEach (<anonymous>)

    console.log
      Loading bot script from /home/holger/jdevel/tix/config/außerunterrichtliche_veranstaltung.js

      at log (src/bots.js:25:29)
          at Array.forEach (<anonymous>)

    console.log
      Loaded bot: dringend for type Außerunterrichtliche Veranstaltung with script: dringend(ticket)

      at log (src/bots.js:84:41)
          at Array.forEach (<anonymous>)
          at Array.forEach (<anonymous>)

    console.log
      Loading bot script from /home/holger/jdevel/tix/config/bewirtung.js

      at log (src/bots.js:25:29)
          at Array.forEach (<anonymous>)

    console.log
      Loaded bot: automatisch_genehmigen for type Bewirtungsauftrag with script: automatisch_genehmigen(ticket)

      at log (src/bots.js:84:41)
          at Array.forEach (<anonymous>)
          at Array.forEach (<anonymous>)

    console.log
      Loading bot script from /home/holger/jdevel/tix/config/hausmeister.js

      at log (src/bots.js:25:29)
          at Array.forEach (<anonymous>)

    console.log
      Loaded bot: automatisch_genehmigen for type Hausmeisterauftrag with script: automatisch_genehmigen(ticket)

      at log (src/bots.js:84:41)
          at Array.forEach (<anonymous>)
          at Array.forEach (<anonymous>)

    console.log
      Loading bot script from /home/holger/jdevel/tix/config/it.js

      at log (src/bots.js:25:29)
          at Array.forEach (<anonymous>)

    console.log
      Loaded bot: dringend for type IT-Ticket with script: dringend(ticket)

      at log (src/bots.js:84:41)
          at Array.forEach (<anonymous>)
          at Array.forEach (<anonymous>)

    console.log
      Loaded bot: raumbelegung for type IT-Ticket with script: raum(ticket)

      at log (src/bots.js:84:41)
          at Array.forEach (<anonymous>)
          at Array.forEach (<anonymous>)

    console.log
      Loading bot script from /home/holger/jdevel/tix/config/krankmeldung.js

      at log (src/bots.js:25:29)
          at Array.forEach (<anonymous>)

    console.log
      Loaded bot: dringend for type Krankmeldung with script: dringend(ticket)

      at log (src/bots.js:84:41)
          at Array.forEach (<anonymous>)
          at Array.forEach (<anonymous>)

    console.log
      Loading bot script from /home/holger/jdevel/tix/config/raumreservierung.js

      at log (src/bots.js:25:29)
          at Array.forEach (<anonymous>)

    console.log
      Loaded bot: eintragen for type Raumreservierung with script: eintragen(ticket)

      at log (src/bots.js:84:41)
          at Array.forEach (<anonymous>)
          at Array.forEach (<anonymous>)

    console.log
      Loaded bot: verschieben for type Raumreservierung with script: verschieben(ticket)

      at log (src/bots.js:84:41)
          at Array.forEach (<anonymous>)
          at Array.forEach (<anonymous>)

    console.log
      Loaded bot: stornieren for type Raumreservierung with script: stornieren(ticket)

      at log (src/bots.js:84:41)
          at Array.forEach (<anonymous>)
          at Array.forEach (<anonymous>)

    console.log
      Loaded bot: abschliessen for type Raumreservierung with script: abschliessen(ticket)

      at log (src/bots.js:84:41)
          at Array.forEach (<anonymous>)
          at Array.forEach (<anonymous>)

    console.log
      Loading bot script from /home/holger/jdevel/tix/config/stundenplan.js

      at log (src/bots.js:25:29)
          at Array.forEach (<anonymous>)

    console.log
      Loaded bot: dringend for type Stundenplan-Ticket with script: dringend(ticket)

      at log (src/bots.js:84:41)
          at Array.forEach (<anonymous>)
          at Array.forEach (<anonymous>)

    console.log
      Loading bot script from /home/holger/jdevel/tix/config/vertretungsplan.js

      at log (src/bots.js:25:29)
          at Array.forEach (<anonymous>)

    console.log
      Loaded bot: dringend for type Vertretungsplan-Ticket with script: dringend(ticket)

      at log (src/bots.js:84:41)
          at Array.forEach (<anonymous>)
          at Array.forEach (<anonymous>)

    console.log
      [Auth] No LDAP mapping/DevMode. Settings updated for schulleiter: { notificationUri: 'test:schulleiter@local' }

      at log (src/auth.js:515:17)

    console.log
      [Auth] No LDAP mapping/DevMode. Settings updated for hausmeister: { notificationUri: 'test:hausmeister@local' }

      at log (src/auth.js:515:17)

    console.log
      Bot automatisch_genehmigen (insync) processing ticket undefined

      at log (src/bots.js:139:21)

    console.log
      Ticket undefined updated by sync bot automatisch_genehmigen

      at log (src/bots.js:144:25)

    console.log
      Bot automatisch_genehmigen (insync) processing ticket undefined

      at log (src/bots.js:139:21)


  ●  Cannot log after tests are done. Did you forget to wait for something async in your test?
    Attempted to log "login status: 200".

      at console.log (node_modules/@jest/console/build/index.js:147:10)
      at dologin (evalmachine.<anonymous>:201:11)
      at fetchblocks (evalmachine.<anonymous>:106:19)
      at raum (evalmachine.<anonymous>:85:22)
      at Object.runFn [as run] (src/bots.js:69:45)
      at src/bots.js:160:17


  ●  Cannot log after tests are done. Did you forget to wait for something async in your test?
    Attempted to log "login status: 200".

      at console.log (node_modules/@jest/console/build/index.js:147:10)
      at dologin (evalmachine.<anonymous>:201:11)
      at fetchblocks (evalmachine.<anonymous>:106:19)
      at raum (evalmachine.<anonymous>:85:22)
      at Object.runFn [as run] (src/bots.js:69:45)
      at src/bots.js:160:17


  ●  Cannot log after tests are done. Did you forget to wait for something async in your test?
    Attempted to log "Error in async bot raumbelegung for ticket ITT-1: [MongoNotConnectedError: Client must be connected before running operations] {
      errorLabelSet: Set(0) {}
    }".

      165 |                 }
      166 |             } catch (err) {
    > 167 |                 console.error(`Error in async bot ${bot.name} for ticket ${ticket.id}:`, err);
          |                         ^
      168 |             }
      169 |         })();
      170 |     });

      at console.error (node_modules/@jest/console/build/index.js:124:10)
      at error (src/bots.js:167:25)


  ●  Cannot log after tests are done. Did you forget to wait for something async in your test?
    Attempted to log "Error in async bot raumbelegung for ticket ITT-1: [MongoNotConnectedError: Client must be connected before running operations] {
      errorLabelSet: Set(0) {}
    }".

      165 |                 }
      166 |             } catch (err) {
    > 167 |                 console.error(`Error in async bot ${bot.name} for ticket ${ticket.id}:`, err);
          |                         ^
      168 |             }
      169 |         })();
      170 |     });

      at console.error (node_modules/@jest/console/build/index.js:124:10)
      at error (src/bots.js:167:25)

PASS tests/workflows/hausmeister.test.js
  ● Console

    console.log
      [Auth] Settings loaded. DevMode: true

      at Object.log (src/auth.js:16:9)

    console.log
      Loaded workflow: Abwesenheitsantrag

      at log (src/workflow.js:50:29)
          at Array.forEach (<anonymous>)

    console.log
      Loaded workflow: Außerunterrichtliche Veranstaltung

      at log (src/workflow.js:50:29)
          at Array.forEach (<anonymous>)

    console.log
      Loaded workflow: Bewirtungsauftrag

      at log (src/workflow.js:50:29)
          at Array.forEach (<anonymous>)

    console.log
      Loaded workflow: Hausmeisterauftrag

      at log (src/workflow.js:50:29)
          at Array.forEach (<anonymous>)

    console.log
      Loaded workflow: IT-Ticket

      at log (src/workflow.js:50:29)
          at Array.forEach (<anonymous>)

    console.log
      Loaded workflow: Krankmeldung

      at log (src/workflow.js:50:29)
          at Array.forEach (<anonymous>)

    console.log
      Loaded workflow: Raumreservierung

      at log (src/workflow.js:50:29)
          at Array.forEach (<anonymous>)

    console.log
      Loaded workflow: Stundenplan-Ticket

      at log (src/workflow.js:50:29)
          at Array.forEach (<anonymous>)

    console.log
      Loaded workflow: Vertretungsplan-Ticket

      at log (src/workflow.js:50:29)
          at Array.forEach (<anonymous>)

    console.log
      MongoDB connected

      at log (src/db.js:25:17)

    console.log
      Loading bots...

      at log (src/bots.js:11:13)

    console.log
      Loading bot script from /home/holger/jdevel/tix/config/abwesenheit.js

      at log (src/bots.js:25:29)
          at Array.forEach (<anonymous>)

    console.log
      Loaded bot: dringend for type Abwesenheitsantrag with script: dringend(ticket)

      at log (src/bots.js:84:41)
          at Array.forEach (<anonymous>)
          at Array.forEach (<anonymous>)

    console.log
      Loading bot script from /home/holger/jdevel/tix/config/außerunterrichtliche_veranstaltung.js

      at log (src/bots.js:25:29)
          at Array.forEach (<anonymous>)

    console.log
      Loaded bot: dringend for type Außerunterrichtliche Veranstaltung with script: dringend(ticket)

      at log (src/bots.js:84:41)
          at Array.forEach (<anonymous>)
          at Array.forEach (<anonymous>)

    console.log
      Loading bot script from /home/holger/jdevel/tix/config/bewirtung.js

      at log (src/bots.js:25:29)
          at Array.forEach (<anonymous>)

    console.log
      Loaded bot: automatisch_genehmigen for type Bewirtungsauftrag with script: automatisch_genehmigen(ticket)

      at log (src/bots.js:84:41)
          at Array.forEach (<anonymous>)
          at Array.forEach (<anonymous>)

    console.log
      Loading bot script from /home/holger/jdevel/tix/config/hausmeister.js

      at log (src/bots.js:25:29)
          at Array.forEach (<anonymous>)

    console.log
      Loaded bot: automatisch_genehmigen for type Hausmeisterauftrag with script: automatisch_genehmigen(ticket)

      at log (src/bots.js:84:41)
          at Array.forEach (<anonymous>)
          at Array.forEach (<anonymous>)

    console.log
      Loading bot script from /home/holger/jdevel/tix/config/it.js

      at log (src/bots.js:25:29)
          at Array.forEach (<anonymous>)

    console.log
      Loaded bot: dringend for type IT-Ticket with script: dringend(ticket)

      at log (src/bots.js:84:41)
          at Array.forEach (<anonymous>)
          at Array.forEach (<anonymous>)

    console.log
      Loaded bot: raumbelegung for type IT-Ticket with script: raum(ticket)

      at log (src/bots.js:84:41)
          at Array.forEach (<anonymous>)
          at Array.forEach (<anonymous>)

    console.log
      Loading bot script from /home/holger/jdevel/tix/config/krankmeldung.js

      at log (src/bots.js:25:29)
          at Array.forEach (<anonymous>)

    console.log
      Loaded bot: dringend for type Krankmeldung with script: dringend(ticket)

      at log (src/bots.js:84:41)
          at Array.forEach (<anonymous>)
          at Array.forEach (<anonymous>)

    console.log
      Loading bot script from /home/holger/jdevel/tix/config/raumreservierung.js

      at log (src/bots.js:25:29)
          at Array.forEach (<anonymous>)

    console.log
      Loaded bot: eintragen for type Raumreservierung with script: eintragen(ticket)

      at log (src/bots.js:84:41)
          at Array.forEach (<anonymous>)
          at Array.forEach (<anonymous>)

    console.log
      Loaded bot: verschieben for type Raumreservierung with script: verschieben(ticket)

      at log (src/bots.js:84:41)
          at Array.forEach (<anonymous>)
          at Array.forEach (<anonymous>)

    console.log
      Loaded bot: stornieren for type Raumreservierung with script: stornieren(ticket)

      at log (src/bots.js:84:41)
          at Array.forEach (<anonymous>)
          at Array.forEach (<anonymous>)

    console.log
      Loaded bot: abschliessen for type Raumreservierung with script: abschliessen(ticket)

      at log (src/bots.js:84:41)
          at Array.forEach (<anonymous>)
          at Array.forEach (<anonymous>)

    console.log
      Loading bot script from /home/holger/jdevel/tix/config/stundenplan.js

      at log (src/bots.js:25:29)
          at Array.forEach (<anonymous>)

    console.log
      Loaded bot: dringend for type Stundenplan-Ticket with script: dringend(ticket)

      at log (src/bots.js:84:41)
          at Array.forEach (<anonymous>)
          at Array.forEach (<anonymous>)

    console.log
      Loading bot script from /home/holger/jdevel/tix/config/vertretungsplan.js

      at log (src/bots.js:25:29)
          at Array.forEach (<anonymous>)

    console.log
      Loaded bot: dringend for type Vertretungsplan-Ticket with script: dringend(ticket)

      at log (src/bots.js:84:41)
          at Array.forEach (<anonymous>)
          at Array.forEach (<anonymous>)

    console.log
      [Auth] No LDAP mapping/DevMode. Settings updated for schulleiter: { notificationUri: 'test:schulleiter@local' }

      at log (src/auth.js:515:17)

    console.log
      [Auth] No LDAP mapping/DevMode. Settings updated for hausmeister: { notificationUri: 'test:hausmeister@local' }

      at log (src/auth.js:515:17)

    console.log
      Bot automatisch_genehmigen (insync) processing ticket HSM-1

      at log (src/bots.js:139:21)

    console.log
      Ticket HSM-1 updated by sync bot automatisch_genehmigen

      at log (src/bots.js:144:25)

    console.log
      [SubscriptionWorker] Starting periodic check...

      at log (src/subscriptionWorker.js:65:13)

    console.log
      [SubscriptionWorker] Query for hausmeister / Mir Zugewiesen: {"$or":[{"type":"Hausmeisterauftrag","state":{"$in":["offen.genehmigt","offen.inArbeit"]}},{"type":"IT-Ticket","state":{"$in":["offen.neu","offen.inArbeit"]},"assignee":"hausmeister"},{"type":"Stundenplan-Ticket","state":{"$in":["offen.neu","offen.inArbeit"]},"assignee":"hausmeister"},{"type":"Vertretungsplan-Ticket","state":{"$in":["offen.neu","offen.inArbeit"]},"assignee":"hausmeister"}]}

      at log (src/subscriptionWorker.js:127:21)

    console.log
      [SubscriptionWorker] Changes detected for subscription 'Mir Zugewiesen' (User: hausmeister)

      at log (src/subscriptionWorker.js:135:25)

    console.log
      [SubscriptionWorker] Test notification stored for hausmeister

      at log (src/subscriptionWorker.js:152:37)

    console.log
      [SubscriptionWorker] Query for schulleiter / Meine Tickets: {"creator":{"$regex":"schulleiter","$options":"i"}}

      at log (src/subscriptionWorker.js:127:21)

    console.log
      [SubscriptionWorker] Changes detected for subscription 'Meine Tickets' (User: schulleiter)

      at log (src/subscriptionWorker.js:135:25)

    console.log
      [SubscriptionWorker] Test notification stored for schulleiter

      at log (src/subscriptionWorker.js:152:37)

    console.log
      [SubscriptionWorker] Check completed. Waiting for next cycle.

      at log (src/subscriptionWorker.js:208:13)

PASS tests/publisher.test.js
  ● Console

    console.log
      [Auth] Settings loaded. DevMode: true

      at Object.log (src/auth.js:16:9)

    console.log
      Loaded workflow: Abwesenheitsantrag

      at log (src/workflow.js:50:29)
          at Array.forEach (<anonymous>)

    console.log
      Loaded workflow: Außerunterrichtliche Veranstaltung

      at log (src/workflow.js:50:29)
          at Array.forEach (<anonymous>)

    console.log
      Loaded workflow: Bewirtungsauftrag

      at log (src/workflow.js:50:29)
          at Array.forEach (<anonymous>)

    console.log
      Loaded workflow: Hausmeisterauftrag

      at log (src/workflow.js:50:29)
          at Array.forEach (<anonymous>)

    console.log
      Loaded workflow: IT-Ticket

      at log (src/workflow.js:50:29)
          at Array.forEach (<anonymous>)

    console.log
      Loaded workflow: Krankmeldung

      at log (src/workflow.js:50:29)
          at Array.forEach (<anonymous>)

    console.log
      Loaded workflow: Raumreservierung

      at log (src/workflow.js:50:29)
          at Array.forEach (<anonymous>)

    console.log
      Loaded workflow: Stundenplan-Ticket

      at log (src/workflow.js:50:29)
          at Array.forEach (<anonymous>)

    console.log
      Loaded workflow: Vertretungsplan-Ticket

      at log (src/workflow.js:50:29)
          at Array.forEach (<anonymous>)

    console.log
      MongoDB connected

      at log (src/db.js:25:17)

    console.log
      [Publisher] Checking 1 unpublished logs...

      at log (src/publisher.js:97:21)

    console.log
      [Publisher] Test notification stored for lehrer1

      at log (src/publisher.js:155:37)

    console.log
      [Publisher] Checking 1 unpublished logs...

      at log (src/publisher.js:97:21)

    console.log
      [Publisher] Skipping notification: editor lehrer1 is the creator

      at log (src/publisher.js:125:33)

    console.log
      [Publisher] Checking 1 unpublished logs...

      at log (src/publisher.js:97:21)

    console.log
      [Publisher] No notification URI configured for lehrer1

      at log (src/publisher.js:162:33)

    console.log
      Chatraum Token: mockToken123

      at log (src/publisher.js:264:17)

    console.log
      Nachricht an user1 gesendet! ✅

      at log (src/publisher.js:278:17)

    console.error
      FEHLER:

      279 |
      280 |     } catch (error) {
    > 281 |         console.error('FEHLER:');
          |                 ^
      282 |         if (error.response) {
      283 |             // Zeigt die genaue Antwort von Nextcloud, falls es wieder crasht
      284 |             console.error('Status:', error.response.status);

      at error (src/publisher.js:281:17)
      at Object.<anonymous> (tests/publisher.test.js:148:13)

    console.error
      Status: 500

      282 |         if (error.response) {
      283 |             // Zeigt die genaue Antwort von Nextcloud, falls es wieder crasht
    > 284 |             console.error('Status:', error.response.status);
          |                     ^
      285 |             console.error('Daten:', JSON.stringify(error.response.data, null, 2));
      286 |         } else {
      287 |             console.error(error.message);

      at error (src/publisher.js:284:21)
      at Object.<anonymous> (tests/publisher.test.js:148:13)

    console.error
      Daten: {
        "msg": "error"
      }

      283 |             // Zeigt die genaue Antwort von Nextcloud, falls es wieder crasht
      284 |             console.error('Status:', error.response.status);
    > 285 |             console.error('Daten:', JSON.stringify(error.response.data, null, 2));
          |                     ^
      286 |         } else {
      287 |             console.error(error.message);
      288 |         }

      at error (src/publisher.js:285:21)
      at Object.<anonymous> (tests/publisher.test.js:148:13)

PASS tests/validation.test.js
  ● Console

    console.warn
      Failed to evaluate expression:  invalid && syntax!!  SyntaxError: Unexpected token '!'
          at new Function (<anonymous>)
          at createSafeEvaluator (/home/holger/jdevel/tix/backend/src/validation.js:27:18)
          at createSafeEvaluator (/home/holger/jdevel/tix/backend/src/validation.js:51:30)
          at String.replace (<anonymous>)
          at replace (/home/holger/jdevel/tix/backend/src/validation.js:49:24)
          at Object.evaluateTemplate (/home/holger/jdevel/tix/backend/tests/validation.test.js:38:24)
          at Promise.finally.completed (/home/holger/jdevel/tix/backend/node_modules/jest-circus/build/jestAdapterInit.js:1557:28)
          at new Promise (<anonymous>)
          at callAsyncCircusFn (/home/holger/jdevel/tix/backend/node_modules/jest-circus/build/jestAdapterInit.js:1497:10)
          at _callCircusTest (/home/holger/jdevel/tix/backend/node_modules/jest-circus/build/jestAdapterInit.js:1007:40)
          at _runTest (/home/holger/jdevel/tix/backend/node_modules/jest-circus/build/jestAdapterInit.js:947:3)
          at /home/holger/jdevel/tix/backend/node_modules/jest-circus/build/jestAdapterInit.js:849:7
          at _runTestsForDescribeBlock (/home/holger/jdevel/tix/backend/node_modules/jest-circus/build/jestAdapterInit.js:862:11)
          at _runTestsForDescribeBlock (/home/holger/jdevel/tix/backend/node_modules/jest-circus/build/jestAdapterInit.js:857:11)
          at run (/home/holger/jdevel/tix/backend/node_modules/jest-circus/build/jestAdapterInit.js:761:3)
          at runAndTransformResultsToJestFormat (/home/holger/jdevel/tix/backend/node_modules/jest-circus/build/jestAdapterInit.js:1918:21)
          at jestAdapter (/home/holger/jdevel/tix/backend/node_modules/jest-circus/build/runner.js:101:19)
          at runTestInternal (/home/holger/jdevel/tix/backend/node_modules/jest-runner/build/index.js:275:16)
          at runTest (/home/holger/jdevel/tix/backend/node_modules/jest-runner/build/index.js:343:7)

      53 |             return result === undefined || result === null ? '' : result;
      54 |         } catch (e) {
    > 55 |             console.warn(`Failed to evaluate expression: ${expr}`, e);
         |                     ^
      56 |             return match;
      57 |         }
      58 |     });

      at warn (src/validation.js:55:21)
          at String.replace (<anonymous>)
      at replace (src/validation.js:49:24)
      at Object.evaluateTemplate (tests/validation.test.js:38:24)

    console.error
      Error evaluating field validation for f1: SyntaxError: Unexpected token '!'
          at new Function (<anonymous>)
          at createSafeEvaluator (/home/holger/jdevel/tix/backend/src/validation.js:27:18)
          at createSafeEvaluator (/home/holger/jdevel/tix/backend/src/validation.js:93:34)
          at Array.forEach (<anonymous>)
          at forEach (/home/holger/jdevel/tix/backend/src/validation.js:83:21)
          at Object.validateTicket (/home/holger/jdevel/tix/backend/tests/validation.test.js:263:24)
          at Promise.finally.completed (/home/holger/jdevel/tix/backend/node_modules/jest-circus/build/jestAdapterInit.js:1557:28)
          at new Promise (<anonymous>)
          at callAsyncCircusFn (/home/holger/jdevel/tix/backend/node_modules/jest-circus/build/jestAdapterInit.js:1497:10)
          at _callCircusTest (/home/holger/jdevel/tix/backend/node_modules/jest-circus/build/jestAdapterInit.js:1007:40)
          at _runTest (/home/holger/jdevel/tix/backend/node_modules/jest-circus/build/jestAdapterInit.js:947:3)
          at /home/holger/jdevel/tix/backend/node_modules/jest-circus/build/jestAdapterInit.js:849:7
          at _runTestsForDescribeBlock (/home/holger/jdevel/tix/backend/node_modules/jest-circus/build/jestAdapterInit.js:862:11)
          at _runTestsForDescribeBlock (/home/holger/jdevel/tix/backend/node_modules/jest-circus/build/jestAdapterInit.js:857:11)
          at run (/home/holger/jdevel/tix/backend/node_modules/jest-circus/build/jestAdapterInit.js:761:3)
          at runAndTransformResultsToJestFormat (/home/holger/jdevel/tix/backend/node_modules/jest-circus/build/jestAdapterInit.js:1918:21)
          at jestAdapter (/home/holger/jdevel/tix/backend/node_modules/jest-circus/build/runner.js:101:19)
          at runTestInternal (/home/holger/jdevel/tix/backend/node_modules/jest-runner/build/index.js:275:16)
          at runTest (/home/holger/jdevel/tix/backend/node_modules/jest-runner/build/index.js:343:7)

       97 |                 }
       98 |             } catch (e) {
    >  99 |                 console.error(`Error evaluating field validation for ${field.name}:`, e);
          |                         ^
      100 |                 errors.push(`Interner Fehler bei Validierung von '${field.label || field.name}'`);
      101 |             }
      102 |         }

      at error (src/validation.js:99:25)
          at Array.forEach (<anonymous>)
      at forEach (src/validation.js:83:21)
      at Object.validateTicket (tests/validation.test.js:263:24)

    console.error
      Error evaluating validation broken: ReferenceError: broken is not defined
          at eval (eval at createSafeEvaluator (/home/holger/jdevel/tix/backend/src/validation.js:27:18), <anonymous>:3:1)
          at func (/home/holger/jdevel/tix/backend/src/validation.js:28:18)
          at evaluate (/home/holger/jdevel/tix/backend/src/validation.js:109:32)
          at Array.forEach (<anonymous>)
          at forEach (/home/holger/jdevel/tix/backend/src/validation.js:106:30)
          at Object.validateTicket (/home/holger/jdevel/tix/backend/tests/validation.test.js:274:24)
          at Promise.finally.completed (/home/holger/jdevel/tix/backend/node_modules/jest-circus/build/jestAdapterInit.js:1557:28)
          at new Promise (<anonymous>)
          at callAsyncCircusFn (/home/holger/jdevel/tix/backend/node_modules/jest-circus/build/jestAdapterInit.js:1497:10)
          at _callCircusTest (/home/holger/jdevel/tix/backend/node_modules/jest-circus/build/jestAdapterInit.js:1007:40)
          at _runTest (/home/holger/jdevel/tix/backend/node_modules/jest-circus/build/jestAdapterInit.js:947:3)
          at /home/holger/jdevel/tix/backend/node_modules/jest-circus/build/jestAdapterInit.js:849:7
          at _runTestsForDescribeBlock (/home/holger/jdevel/tix/backend/node_modules/jest-circus/build/jestAdapterInit.js:862:11)
          at _runTestsForDescribeBlock (/home/holger/jdevel/tix/backend/node_modules/jest-circus/build/jestAdapterInit.js:857:11)
          at run (/home/holger/jdevel/tix/backend/node_modules/jest-circus/build/jestAdapterInit.js:761:3)
          at runAndTransformResultsToJestFormat (/home/holger/jdevel/tix/backend/node_modules/jest-circus/build/jestAdapterInit.js:1918:21)
          at jestAdapter (/home/holger/jdevel/tix/backend/node_modules/jest-circus/build/runner.js:101:19)
          at runTestInternal (/home/holger/jdevel/tix/backend/node_modules/jest-runner/build/index.js:275:16)
          at runTest (/home/holger/jdevel/tix/backend/node_modules/jest-runner/build/index.js:343:7)

      112 |                 }
      113 |             } catch (e) {
    > 114 |                 console.error(`Error evaluating validation ${validation.name}:`, e);
          |                         ^
      115 |                 errors.push(`Interner Fehler bei Validierung: ${validation.name}`);
      116 |             }
      117 |         });

      at error (src/validation.js:114:25)
          at Array.forEach (<anonymous>)
      at forEach (src/validation.js:106:30)
      at Object.validateTicket (tests/validation.test.js:274:24)

PASS tests/workflow.test.js
  ● Console

    console.log
      Loaded workflow: Abwesenheitsantrag

      at log (src/workflow.js:50:29)
          at Array.forEach (<anonymous>)

    console.log
      Loaded workflow: Außerunterrichtliche Veranstaltung

      at log (src/workflow.js:50:29)
          at Array.forEach (<anonymous>)

    console.log
      Loaded workflow: Bewirtungsauftrag

      at log (src/workflow.js:50:29)
          at Array.forEach (<anonymous>)

    console.log
      Loaded workflow: Hausmeisterauftrag

      at log (src/workflow.js:50:29)
          at Array.forEach (<anonymous>)

    console.log
      Loaded workflow: IT-Ticket

      at log (src/workflow.js:50:29)
          at Array.forEach (<anonymous>)

    console.log
      Loaded workflow: Krankmeldung

      at log (src/workflow.js:50:29)
          at Array.forEach (<anonymous>)

    console.log
      Loaded workflow: Raumreservierung

      at log (src/workflow.js:50:29)
          at Array.forEach (<anonymous>)

    console.log
      Loaded workflow: Stundenplan-Ticket

      at log (src/workflow.js:50:29)
          at Array.forEach (<anonymous>)

    console.log
      Loaded workflow: Vertretungsplan-Ticket

      at log (src/workflow.js:50:29)
          at Array.forEach (<anonymous>)


Test Suites: 1 failed, 13 passed, 14 total
Tests:       2 failed, 91 passed, 93 total
Snapshots:   0 total
Time:        19.351 s
Ran all test suites.
